179.43.177.242 - - [15/Mar/2023:06:36:33 +0000] "GET / HTTP/1.1" 200 8452 "-" "Hello World"
162.142.125.12 - - [15/Mar/2023:06:37:59 +0000] "GET / HTTP/1.1" 200 8452 "-" "-"
162.142.125.12 - - [15/Mar/2023:06:37:59 +0000] "GET / HTTP/1.1" 200 3473 "-" "Mozilla/5.0 (compatible; CensysInspect/1.1; +https://about.censys.io/)"
162.142.125.12 - - [15/Mar/2023:06:37:59 +0000] "PRI * HTTP/2.0" 400 500 "-" "-"
162.142.125.12 - - [15/Mar/2023:06:38:00 +0000] "GET /favicon.ico HTTP/1.1" 404 1762 "-" "Mozilla/5.0 (compatible; CensysInspect/1.1; +https://about.censys.io/)"
195.37.190.89 - - [15/Mar/2023:06:51:39 +0000] "GET / HTTP/1.1" 200 3455 "-" "Mozilla/5.0 zgrab/0.x"
192.198.114.236 - - [15/Mar/2023:06:56:14 +0000] "GET / HTTP/1.1" 200 8082 "http://globetekservice.com/" "Mozilla/5.0 (Macintosh; Intel Mac OS X 10.15; rv:102.0) Gecko/20100101 Firefox/102.0"
172.105.128.12 - - [15/Mar/2023:06:57:54 +0000] "\x16\x03\x01" 400 500 "-" "-"
143.110.222.166 - - [15/Mar/2023:07:03:39 +0000] "GET / HTTP/1.1" 200 3455 "-" "Mozilla/5.0 (iPhone; CPU iPhone OS 16_1 like Mac OS X) AppleWebKit/605.1.15 (KHTML, like Gecko) Version/16.1 Mobile/15E148 Safari/604.1"
51.79.29.48 - - [15/Mar/2023:07:11:05 +0000] "POST / HTTP/1.1" 405 567988 "-" "Mozilla/5.0 (X11; Linux x86_64) AppleWebKit/537.36 (KHTML, like Gecko) Chrome/81.0.4044.129 Safari/537.36"
51.79.29.48 - - [15/Mar/2023:07:11:06 +0000] "GET /.env HTTP/1.1" 200 2069 "-" "Mozilla/5.0 (X11; Linux x86_64) AppleWebKit/537.36 (KHTML, like Gecko) Chrome/81.0.4044.129 Safari/537.36"
176.9.151.21 - - [15/Mar/2023:07:19:02 +0000] "GET /.well-known/acme-challenge/E4T6U994ILZM-CUAJ8YSW5134UIHYXLM HTTP/1.1" 404 437 "-" "Cpanel-HTTP-Client/1.0"
176.9.151.21 - - [15/Mar/2023:07:19:17 +0000] "GET /.well-known/acme-challenge/7K8PN1X7WYWAE2DHTFM-E73S1DHHH5RC HTTP/1.1" 404 1762 "-" "Cpanel-HTTP-Client/1.0"
94.102.51.9 - - [15/Mar/2023:07:22:10 +0000] "GET / HTTP/1.0" 200 8407 "-" "masscan/1.3 (https://github.com/robertdavidgraham/masscan)"
51.79.29.48 - - [15/Mar/2023:07:38:04 +0000] "POST / HTTP/1.1" 405 567988 "-" "Mozilla/5.0 (X11; Linux x86_64) AppleWebKit/537.36 (KHTML, like Gecko) Chrome/81.0.4044.129 Safari/537.36"
51.79.29.48 - - [15/Mar/2023:07:38:05 +0000] "GET /.env HTTP/1.1" 200 2069 "-" "Mozilla/5.0 (X11; Linux x86_64) AppleWebKit/537.36 (KHTML, like Gecko) Chrome/81.0.4044.129 Safari/537.36"
193.32.162.159 - - [15/Mar/2023:07:38:23 +0000] "GET / HTTP/1.1" 200 3511 "-" "Mozilla/5.0 (Windows NT 10.0; Win64; x64) AppleWebKit/537.36 (KHTML, like Gecko) Chrome/90.0.4430.85 Safari/537.36 Edg/90.0.818.46"
107.170.251.10 - - [15/Mar/2023:07:49:09 +0000] "GET / HTTP/1.1" 200 3455 "-" "Mozilla/5.0 zgrab/0.x"
159.223.136.180 - - [15/Mar/2023:08:02:12 +0000] "GET / HTTP/1.1" 200 8452 "-" "Mozilla/5.0 (Windows NT 10.0; Win64; x64; rv:79.0) Gecko/20100101 Firefox/79.0"
154.12.235.207 - - [15/Mar/2023:08:07:52 +0000] "GET /.env HTTP/1.1" 404 498 "-" "Mozilla/5.0 (X11; Linux x86_64) AppleWebKit/537.36 (KHTML, like Gecko) Chrome/81.0.4044.129 Safari/537.36"
154.12.235.207 - - [15/Mar/2023:08:07:52 +0000] "POST / HTTP/1.1" 200 8082 "-" "Mozilla/5.0 (X11; Linux x86_64) AppleWebKit/537.36 (KHTML, like Gecko) Chrome/81.0.4044.129 Safari/537.36"
188.166.243.133 - - [15/Mar/2023:08:11:04 +0000] "SSH-2.0-libssh2_1.4.3" 400 500 "-" "-"
188.166.243.133 - - [15/Mar/2023:08:11:14 +0000] "SSH-2.0-libssh2_1.4.3" 400 500 "-" "-"
188.166.243.133 - - [15/Mar/2023:08:11:23 +0000] "SSH-2.0-libssh2_1.4.3" 400 500 "-" "-"
188.166.243.133 - - [15/Mar/2023:08:11:33 +0000] "SSH-2.0-libssh2_1.4.3" 400 500 "-" "-"
188.166.243.133 - - [15/Mar/2023:08:11:42 +0000] "SSH-2.0-libssh2_1.4.3" 400 500 "-" "-"
188.166.243.133 - - [15/Mar/2023:08:11:51 +0000] "SSH-2.0-libssh2_1.4.3" 400 500 "-" "-"
188.166.243.133 - - [15/Mar/2023:08:12:01 +0000] "SSH-2.0-libssh2_1.4.3" 400 500 "-" "-"
188.166.243.133 - - [15/Mar/2023:08:12:11 +0000] "SSH-2.0-libssh2_1.4.3" 400 500 "-" "-"
188.166.243.133 - - [15/Mar/2023:08:12:22 +0000] "SSH-2.0-libssh2_1.4.3" 400 500 "-" "-"
188.166.243.133 - - [15/Mar/2023:08:12:32 +0000] "SSH-2.0-libssh2_1.4.3" 400 500 "-" "-"
188.166.243.133 - - [15/Mar/2023:08:13:15 +0000] "POST / HTTP/1.1" 405 568161 "-" "Mozilla/4.0 (compatible;                 MSIE 7.0; Windows NT 10.0; WOW64; Trident/7.0,                 .NET4.0C; .NET4.0E; .NET CLR 2.0.50727; .NET CLR 3.0.30729; .NET CLR 3.5.30729; Zoom 3.6.0)"
188.166.243.133 - - [15/Mar/2023:08:13:21 +0000] "GET /.env HTTP/1.1" 200 2069 "-" "Mozilla/4.0 (compatible;                 MSIE 7.0; Windows NT 10.0; WOW64; Trident/7.0,                 .NET4.0C; .NET4.0E; .NET CLR 2.0.50727; .NET CLR 3.0.30729; .NET CLR 3.5.30729; Zoom 3.6.0)"
188.166.243.133 - - [15/Mar/2023:08:13:22 +0000] "GET /vendor/phpunit/phpunit/src/Util/PHP/eval-stdin.php HTTP/1.1" 404 1762 "-" "Mozilla/4.0 (compatible;                 MSIE 7.0; Windows NT 10.0; WOW64; Trident/7.0,                 .NET4.0C; .NET4.0E; .NET CLR 2.0.50727; .NET CLR 3.0.30729; .NET CLR 3.5.30729; Zoom 3.6.0)"
143.110.222.166 - - [15/Mar/2023:08:16:16 +0000] "GET / HTTP/1.1" 200 3455 "-" "Mozilla/5.0 (iPhone; CPU iPhone OS 16_1 like Mac OS X) AppleWebKit/605.1.15 (KHTML, like Gecko) Version/16.1 Mobile/15E148 Safari/604.1"
91.201.41.204 - - [15/Mar/2023:08:18:12 +0000] "POST /_ignition/execute-solution HTTP/1.1" 403 1901 "-" "Mozilla/5.0 (Windows NT 10.0; Win64; x64) AppleWebKit/537.36 (KHTML, like Gecko) Chrome/78.0.3904.108 Safari/537.36"
91.201.41.204 - - [15/Mar/2023:08:18:14 +0000] "POST /_ignition/execute-solution HTTP/1.1" 403 1901 "-" "Mozilla/5.0 (Windows NT 10.0; Win64; x64) AppleWebKit/537.36 (KHTML, like Gecko) Chrome/78.0.3904.108 Safari/537.36"
91.201.41.204 - - [15/Mar/2023:08:18:16 +0000] "POST /_ignition/execute-solution HTTP/1.1" 403 1901 "-" "Mozilla/5.0 (Windows NT 10.0; Win64; x64) AppleWebKit/537.36 (KHTML, like Gecko) Chrome/78.0.3904.108 Safari/537.36"
91.201.41.204 - - [15/Mar/2023:08:18:17 +0000] "POST /_ignition/execute-solution HTTP/1.1" 403 1901 "-" "Mozilla/5.0 (Windows NT 10.0; Win64; x64) AppleWebKit/537.36 (KHTML, like Gecko) Chrome/78.0.3904.108 Safari/537.36"
91.201.41.204 - - [15/Mar/2023:08:18:19 +0000] "POST /_ignition/execute-solution HTTP/1.1" 403 1901 "-" "Mozilla/5.0 (Windows NT 10.0; Win64; x64) AppleWebKit/537.36 (KHTML, like Gecko) Chrome/78.0.3904.108 Safari/537.36"
91.201.41.204 - - [15/Mar/2023:08:18:21 +0000] "POST /_ignition/execute-solution HTTP/1.1" 403 1901 "-" "Mozilla/5.0 (Windows NT 10.0; Win64; x64) AppleWebKit/537.36 (KHTML, like Gecko) Chrome/78.0.3904.108 Safari/537.36"
91.201.41.204 - - [15/Mar/2023:08:18:22 +0000] "POST /_ignition/execute-solution HTTP/1.1" 403 1901 "-" "Mozilla/5.0 (Windows NT 10.0; Win64; x64) AppleWebKit/537.36 (KHTML, like Gecko) Chrome/78.0.3904.108 Safari/537.36"
91.201.41.204 - - [15/Mar/2023:08:18:23 +0000] "POST /_ignition/execute-solution HTTP/1.1" 403 1901 "-" "Mozilla/5.0 (Windows NT 10.0; Win64; x64) AppleWebKit/537.36 (KHTML, like Gecko) Chrome/78.0.3904.108 Safari/537.36"
91.201.41.204 - - [15/Mar/2023:08:18:29 +0000] "POST /_ignition/execute-solution HTTP/1.1" 403 1901 "-" "Mozilla/5.0 (Windows NT 10.0; Win64; x64) AppleWebKit/537.36 (KHTML, like Gecko) Chrome/78.0.3904.108 Safari/537.36"
91.201.41.204 - - [15/Mar/2023:08:18:30 +0000] "POST /_ignition/execute-solution HTTP/1.1" 403 1901 "-" "Mozilla/5.0 (Windows NT 10.0; Win64; x64) AppleWebKit/537.36 (KHTML, like Gecko) Chrome/78.0.3904.108 Safari/537.36"
91.201.41.204 - - [15/Mar/2023:08:18:31 +0000] "POST /_ignition/execute-solution HTTP/1.1" 403 1901 "-" "Mozilla/5.0 (Windows NT 10.0; Win64; x64) AppleWebKit/537.36 (KHTML, like Gecko) Chrome/78.0.3904.108 Safari/537.36"
91.201.41.204 - - [15/Mar/2023:08:18:33 +0000] "POST /_ignition/execute-solution HTTP/1.1" 403 1901 "-" "Mozilla/5.0 (Windows NT 10.0; Win64; x64) AppleWebKit/537.36 (KHTML, like Gecko) Chrome/78.0.3904.108 Safari/537.36"
91.201.41.204 - - [15/Mar/2023:08:18:35 +0000] "POST /_ignition/execute-solution HTTP/1.1" 403 1901 "-" "Mozilla/5.0 (Windows NT 10.0; Win64; x64) AppleWebKit/537.36 (KHTML, like Gecko) Chrome/78.0.3904.108 Safari/537.36"
91.201.41.204 - - [15/Mar/2023:08:18:35 +0000] "POST /_ignition/execute-solution HTTP/1.1" 403 1901 "-" "Mozilla/5.0 (Windows NT 10.0; Win64; x64) AppleWebKit/537.36 (KHTML, like Gecko) Chrome/78.0.3904.108 Safari/537.36"
91.201.41.204 - - [15/Mar/2023:08:18:37 +0000] "POST /_ignition/execute-solution HTTP/1.1" 403 1901 "-" "Mozilla/5.0 (Windows NT 10.0; Win64; x64) AppleWebKit/537.36 (KHTML, like Gecko) Chrome/78.0.3904.108 Safari/537.36"
91.201.41.204 - - [15/Mar/2023:08:18:38 +0000] "POST /_ignition/execute-solution HTTP/1.1" 403 1901 "-" "Mozilla/5.0 (Windows NT 10.0; Win64; x64) AppleWebKit/537.36 (KHTML, like Gecko) Chrome/78.0.3904.108 Safari/537.36"
91.201.41.204 - - [15/Mar/2023:08:18:39 +0000] "POST /_ignition/execute-solution HTTP/1.1" 403 1901 "-" "Mozilla/5.0 (Windows NT 10.0; Win64; x64) AppleWebKit/537.36 (KHTML, like Gecko) Chrome/78.0.3904.108 Safari/537.36"
91.201.41.204 - - [15/Mar/2023:08:18:40 +0000] "POST /_ignition/execute-solution HTTP/1.1" 403 1901 "-" "Mozilla/5.0 (Windows NT 10.0; Win64; x64) AppleWebKit/537.36 (KHTML, like Gecko) Chrome/78.0.3904.108 Safari/537.36"
185.254.196.223 - - [15/Mar/2023:08:32:40 +0000] "GET /.env HTTP/1.1" 200 2069 "-" "Mozilla/5.0 (X11; Linux x86_64) AppleWebKit/537.36 (KHTML, like Gecko) Chrome/81.0.4044.129 Safari/537.36"
94.102.51.9 - - [15/Mar/2023:08:57:31 +0000] "GET / HTTP/1.0" 200 8611 "-" "masscan/1.3 (https://github.com/robertdavidgraham/masscan)"
143.110.222.166 - - [15/Mar/2023:08:59:35 +0000] "GET / HTTP/1.1" 200 3455 "-" "Mozilla/5.0 (iPhone; CPU iPhone OS 16_1 like Mac OS X) AppleWebKit/605.1.15 (KHTML, like Gecko) Version/16.1 Mobile/15E148 Safari/604.1"
192.155.90.220 - - [15/Mar/2023:09:09:55 +0000] "\x16\x03\x01" 400 500 "-" "-"
193.32.162.159 - - [15/Mar/2023:09:20:03 +0000] "GET / HTTP/1.1" 200 3511 "-" "Mozilla/5.0 (Windows NT 10.0; Win64; x64) AppleWebKit/537.36 (KHTML, like Gecko) Chrome/90.0.4430.85 Safari/537.36 Edg/90.0.818.46"
40.77.167.181 - - [15/Mar/2023:09:20:07 +0000] "GET /robots.txt HTTP/1.1" 404 1762 "-" "Mozilla/5.0 AppleWebKit/537.36 (KHTML, like Gecko; compatible; bingbot/2.0; +http://www.bing.com/bingbot.htm) Chrome/103.0.5060.134 Safari/537.36"
207.46.13.207 - - [15/Mar/2023:09:20:19 +0000] "GET / HTTP/1.1" 200 3514 "-" "Mozilla/5.0 AppleWebKit/537.36 (KHTML, like Gecko; compatible; bingbot/2.0; +http://www.bing.com/bingbot.htm) Chrome/103.0.5060.134 Safari/537.36"
51.79.29.48 - - [15/Mar/2023:09:27:08 +0000] "POST / HTTP/1.1" 405 567988 "-" "Mozilla/5.0 (X11; Linux x86_64) AppleWebKit/537.36 (KHTML, like Gecko) Chrome/81.0.4044.129 Safari/537.36"
51.79.29.48 - - [15/Mar/2023:09:27:09 +0000] "GET /.env HTTP/1.1" 200 2069 "-" "Mozilla/5.0 (X11; Linux x86_64) AppleWebKit/537.36 (KHTML, like Gecko) Chrome/81.0.4044.129 Safari/537.36"
14.116.152.103 - - [15/Mar/2023:09:33:32 +0000] "GET / HTTP/1.1" 200 3474 "-" "Mozilla/5.0 (iPhone; CPU iPhone OS 13_2_3 like Mac OS X) AppleWebKit/605.1.15 (KHTML, like Gecko) Version/13.0.3 Mobile/15E148 Safari/604.1"
161.35.25.111 - - [15/Mar/2023:09:54:57 +0000] "HEAD / HTTP/1.1" 200 1104 "-" "Mozilla/5.0 (Windows NT 10.0; Win64; x64) AppleWebKit/537.36 (KHTML, like Gecko) Chrome/83.0.4103.61 Safari/537.36"
161.35.25.111 - - [15/Mar/2023:09:55:34 +0000] "GET / HTTP/1.1" 200 3511 "-" "Mozilla/5.0 (Windows NT 10.0; Win64; x64) AppleWebKit/537.36 (KHTML, like Gecko) Chrome/83.0.4103.61 Safari/537.36"
161.35.25.111 - - [15/Mar/2023:09:55:35 +0000] "GET /js/photo-gallery.js HTTP/1.1" 200 1013 "http://164.92.68.156/" "Mozilla/5.0 (Windows NT 10.0; Win64; x64) AppleWebKit/537.36 (KHTML, like Gecko) Chrome/83.0.4103.61 Safari/537.36"
161.35.25.111 - - [15/Mar/2023:09:55:35 +0000] "GET /js/jquery-ui.css HTTP/1.1" 200 6361 "http://164.92.68.156/" "Mozilla/5.0 (Windows NT 10.0; Win64; x64) AppleWebKit/537.36 (KHTML, like Gecko) Chrome/83.0.4103.61 Safari/537.36"
161.35.25.111 - - [15/Mar/2023:09:55:35 +0000] "GET /lib/js/chartphp.js HTTP/1.1" 404 1762 "http://164.92.68.156/" "Mozilla/5.0 (Windows NT 10.0; Win64; x64) AppleWebKit/537.36 (KHTML, like Gecko) Chrome/83.0.4103.61 Safari/537.36"
161.35.25.111 - - [15/Mar/2023:09:55:35 +0000] "GET /js/vue.js HTTP/1.1" 404 1762 "http://164.92.68.156/" "Mozilla/5.0 (Windows NT 10.0; Win64; x64) AppleWebKit/537.36 (KHTML, like Gecko) Chrome/83.0.4103.61 Safari/537.36"
161.35.25.111 - - [15/Mar/2023:09:55:35 +0000] "GET /js/jquery-1.11.0.js HTTP/1.1" 200 84317 "http://164.92.68.156/" "Mozilla/5.0 (Windows NT 10.0; Win64; x64) AppleWebKit/537.36 (KHTML, like Gecko) Chrome/83.0.4103.61 Safari/537.36"
161.35.25.111 - - [15/Mar/2023:09:55:35 +0000] "GET /js/jquery-ui.js HTTP/1.1" 200 108103 "http://164.92.68.156/" "Mozilla/5.0 (Windows NT 10.0; Win64; x64) AppleWebKit/537.36 (KHTML, like Gecko) Chrome/83.0.4103.61 Safari/537.36"
157.245.224.94 - - [15/Mar/2023:09:56:34 +0000] "GET / HTTP/1.0" 200 8730 "-" "-"
165.232.100.1 - - [15/Mar/2023:09:56:35 +0000] "GET / HTTP/1.0" 200 8730 "-" "-"
165.232.100.1 - - [15/Mar/2023:09:56:37 +0000] "Gh0st\xad" 400 500 "-" "-"
165.232.100.1 - - [15/Mar/2023:09:56:41 +0000] "HELP" 400 500 "-" "-"
165.232.100.1 - - [15/Mar/2023:09:56:41 +0000] "\x1b\x84\xd5\xb0]\xf4\xc4\x93\xc50\xc2X\x8c\xda\xb1\xd7\xac\xafn\x1d\xe1\x1e\x1a3*\x85\xb7\x1d'\xb1\xc9k\xbf\xf0\xbc\n" 400 500 "-" "-"
165.232.100.1 - - [15/Mar/2023:09:56:43 +0000] "\x16\x03\x01" 400 500 "-" "-"
165.232.100.1 - - [15/Mar/2023:09:56:45 +0000] "\xbd\xff\x9e\xffE\xff\x9e\xff\xbd\xff\x9e\xff\xa4\xff\x86\xff\xc4\xff\xbe\xff\xc7\xff\xdb\xff\xee\xffx\\d9\xff\xed\xff\xa4\xff\x9d\xff\xcf\xff\xd8\xff\xe5\xff\x04\xff\x12\xff0\xff\xb1\xff\xbd\xff\xe7\xff\xe2\xff\xdd\xff\xdc\xff\xde\xff\xc8\xff\xcc\xff\xbe\xff\xf8\xff&\xff\x01\xff\x0f\xff\xf5\xff\x06\xff\xff\xff\xf7\xff!\xff\xde\xff\x02\xff&\xff\x0c\xff\x01\xff\xf5\xff\n" 400 500 "-" "-"
103.203.57.1 - - [15/Mar/2023:10:01:43 +0000] "GET / HTTP/1.1" 200 8471 "-" "HTTP Banner Detection (https://security.ipip.net)"
94.102.51.9 - - [15/Mar/2023:10:03:33 +0000] "GET / HTTP/1.0" 200 8611 "-" "masscan/1.3 (https://github.com/robertdavidgraham/masscan)"
161.35.25.111 - - [15/Mar/2023:10:07:03 +0000] "GET / HTTP/1.1" 200 3511 "-" "Mozilla/5.0 (Windows NT 10.0; Win64; x64) AppleWebKit/537.36 (KHTML, like Gecko) Chrome/83.0.4103.61 Safari/537.36"
161.35.25.111 - - [15/Mar/2023:10:07:04 +0000] "GET /favicon.ico HTTP/1.1" 404 1762 "-" "Mozilla/5.0 (Windows NT 10.0; Win64; x64) AppleWebKit/537.36 (KHTML, like Gecko) Chrome/83.0.4103.61 Safari/537.36"
143.110.222.166 - - [15/Mar/2023:10:07:51 +0000] "GET / HTTP/1.1" 200 3455 "-" "Mozilla/5.0 (iPhone; CPU iPhone OS 16_1 like Mac OS X) AppleWebKit/605.1.15 (KHTML, like Gecko) Version/16.1 Mobile/15E148 Safari/604.1"
176.9.151.21 - - [15/Mar/2023:10:15:15 +0000] "GET /.well-known/acme-challenge/PXXTJ_HW900PR5ZYX0JXNJ_X1BC92965 HTTP/1.1" 404 437 "-" "Cpanel-HTTP-Client/1.0"
176.9.151.21 - - [15/Mar/2023:10:15:29 +0000] "GET /.well-known/acme-challenge/TMHEMX7TK2KQEFT4B7OXXUL4NOROOHDE HTTP/1.1" 404 1762 "-" "Cpanel-HTTP-Client/1.0"
51.79.29.48 - - [15/Mar/2023:10:25:05 +0000] "POST / HTTP/1.1" 405 567988 "-" "Mozilla/5.0 (X11; Linux x86_64) AppleWebKit/537.36 (KHTML, like Gecko) Chrome/81.0.4044.129 Safari/537.36"
51.79.29.48 - - [15/Mar/2023:10:25:06 +0000] "GET /.env HTTP/1.1" 200 2069 "-" "Mozilla/5.0 (X11; Linux x86_64) AppleWebKit/537.36 (KHTML, like Gecko) Chrome/81.0.4044.129 Safari/537.36"
20.203.121.161 - - [15/Mar/2023:10:39:25 +0000] "GET /.env HTTP/1.1" 200 2069 "-" "Mozilla/5.0 (Windows NT 6.1) AppleWebKit/537.36 (KHTML, like Gecko) Chrome/86.0.4240.183 Safari/537.36"
20.203.121.161 - - [15/Mar/2023:10:40:07 +0000] "GET /vendor/phpunit/phpunit/src/Util/PHP/eval-stdin.php HTTP/1.1" 404 1762 "-" "Mozilla/5.0 (Windows NT 6.1) AppleWebKit/537.36 (KHTML, like Gecko) Chrome/86.0.4240.183 Safari/537.36"
20.203.121.161 - - [15/Mar/2023:10:40:07 +0000] "GET /vendor/phpunit/phpunit/src/Util/PHP/upper.php HTTP/1.1" 404 1762 "-" "Mozilla/5.0 (Windows NT 6.1) AppleWebKit/537.36 (KHTML, like Gecko) Chrome/86.0.4240.183 Safari/537.36"
20.203.121.161 - - [15/Mar/2023:10:40:08 +0000] "GET /vendor/phpunit/phpunit/src/Util/PHP/eval-stdin.php HTTP/1.1" 404 1762 "-" "Mozilla/5.0 (Windows NT 6.1) AppleWebKit/537.36 (KHTML, like Gecko) Chrome/86.0.4240.183 Safari/537.36"
20.203.121.161 - - [15/Mar/2023:10:40:08 +0000] "GET /vendor/phpunit/phpunit/src/Util/PHP/upper.php HTTP/1.1" 404 1762 "-" "Mozilla/5.0 (Windows NT 6.1) AppleWebKit/537.36 (KHTML, like Gecko) Chrome/86.0.4240.183 Safari/537.36"
20.203.121.161 - - [15/Mar/2023:10:40:09 +0000] "GET /vendor/phpunit/phpunit/src/Util/PHP/eval-stdin.php HTTP/1.1" 404 1762 "-" "Mozilla/5.0 (Windows NT 6.1) AppleWebKit/537.36 (KHTML, like Gecko) Chrome/86.0.4240.183 Safari/537.36"
20.203.121.161 - - [15/Mar/2023:10:40:09 +0000] "GET /vendor/phpunit/phpunit/src/Util/PHP/upper.php HTTP/1.1" 404 1762 "-" "Mozilla/5.0 (Windows NT 6.1) AppleWebKit/537.36 (KHTML, like Gecko) Chrome/86.0.4240.183 Safari/537.36"
149.28.24.76 - - [15/Mar/2023:10:40:10 +0000] "GET / HTTP/1.1" 200 8452 "-" "curl/7.76.1"
149.28.24.76 - - [15/Mar/2023:10:40:10 +0000] "GET /public/ HTTP/1.1" 200 8571 "-" "curl/7.76.1"
20.203.121.161 - - [15/Mar/2023:10:40:12 +0000] "GET /phpmyadmin HTTP/1.1" 301 588 "-" "Mozilla/5.0 (Windows NT 6.1) AppleWebKit/537.36 (KHTML, like Gecko) Chrome/86.0.4240.183 Safari/537.36"
20.203.121.161 - - [15/Mar/2023:10:40:13 +0000] "GET /phpmyadmin/ HTTP/1.1" 200 4861 "-" "Mozilla/5.0 (Windows NT 6.1) AppleWebKit/537.36 (KHTML, like Gecko) Chrome/86.0.4240.183 Safari/537.36"
20.203.121.161 - - [15/Mar/2023:10:40:13 +0000] "POST /phpmyadmin/index.php HTTP/1.1" 302 1091 "-" "python-requests/2.25.1"
20.203.121.161 - - [15/Mar/2023:10:40:13 +0000] "GET /phpmyadmin/index.php?token=bb61b1205805c19b7e3fda9ca30924ec HTTP/1.1" 200 14634 "-" "python-requests/2.25.1"
172.105.128.11 - - [15/Mar/2023:10:53:09 +0000] "\x16\x03\x01" 400 500 "-" "-"
143.110.222.166 - - [15/Mar/2023:11:02:30 +0000] "GET / HTTP/1.1" 200 3455 "-" "Mozilla/5.0 (iPhone; CPU iPhone OS 16_1 like Mac OS X) AppleWebKit/605.1.15 (KHTML, like Gecko) Version/16.1 Mobile/15E148 Safari/604.1"
163.123.142.171 - - [15/Mar/2023:11:06:14 +0000] "GET /.env HTTP/1.1" 200 2069 "-" "Mozilla/5.0 (X11; Linux x86_64) AppleWebKit/537.36 (KHTML, like Gecko) Chrome/81.0.4044.129 Safari/537.36"
207.46.13.215 - - [15/Mar/2023:11:08:51 +0000] "GET / HTTP/1.1" 200 3511 "-" "Mozilla/5.0 AppleWebKit/537.36 (KHTML, like Gecko; compatible; bingbot/2.0; +http://www.bing.com/bingbot.htm) Chrome/103.0.5060.134 Safari/537.36"
194.87.151.116 - - [15/Mar/2023:11:09:19 +0000] "POST /boaform/admin/formLogin HTTP/1.1" 404 1762 "http://164.92.68.156:80/admin/login.asp" "Mozilla/5.0 (X11; Ubuntu; Linux x86_64; rv:71.0) Gecko/20100101 Firefox/71.0"
45.134.140.161 - - [15/Mar/2023:11:09:46 +0000] "GET /apis/apps/v1/namespaces/kube-system/daemonsets HTTP/1.1" 404 6740 "-" "Mozilla/5.0 (Macintosh; Intel Mac OS X 10.15; rv:107.0) Gecko/20100101 Firefox/107.0"
51.79.29.48 - - [15/Mar/2023:11:13:55 +0000] "POST / HTTP/1.1" 405 567988 "-" "Mozilla/5.0 (X11; Linux x86_64) AppleWebKit/537.36 (KHTML, like Gecko) Chrome/81.0.4044.129 Safari/537.36"
51.79.29.48 - - [15/Mar/2023:11:13:55 +0000] "GET /.env HTTP/1.1" 200 2069 "-" "Mozilla/5.0 (X11; Linux x86_64) AppleWebKit/537.36 (KHTML, like Gecko) Chrome/81.0.4044.129 Safari/537.36"
51.79.29.48 - - [15/Mar/2023:11:30:45 +0000] "POST / HTTP/1.1" 405 567988 "-" "Mozilla/5.0 (X11; Linux x86_64) AppleWebKit/537.36 (KHTML, like Gecko) Chrome/81.0.4044.129 Safari/537.36"
51.79.29.48 - - [15/Mar/2023:11:30:45 +0000] "GET /.env HTTP/1.1" 200 2069 "-" "Mozilla/5.0 (X11; Linux x86_64) AppleWebKit/537.36 (KHTML, like Gecko) Chrome/81.0.4044.129 Safari/537.36"
52.167.144.42 - - [15/Mar/2023:11:33:13 +0000] "GET / HTTP/1.1" 200 8082 "-" "Mozilla/5.0 AppleWebKit/537.36 (KHTML, like Gecko; compatible; bingbot/2.0; +http://www.bing.com/bingbot.htm) Chrome/103.0.5060.134 Safari/537.36"
185.254.196.223 - - [15/Mar/2023:11:33:22 +0000] "GET /.env HTTP/1.1" 200 2069 "-" "Mozilla/5.0 (X11; Linux x86_64) AppleWebKit/537.36 (KHTML, like Gecko) Chrome/81.0.4044.129 Safari/537.36"
193.32.162.159 - - [15/Mar/2023:11:39:24 +0000] "GET / HTTP/1.1" 200 3511 "-" "Mozilla/5.0 (Windows NT 10.0; Win64; x64) AppleWebKit/537.36 (KHTML, like Gecko) Chrome/90.0.4430.85 Safari/537.36 Edg/90.0.818.46"
54.36.148.4 - - [15/Mar/2023:11:44:02 +0000] "GET /robots.txt HTTP/1.1" 404 442 "-" "Mozilla/5.0 (compatible; AhrefsBot/7.0; +http://ahrefs.com/robot/)"
51.222.253.13 - - [15/Mar/2023:11:44:03 +0000] "GET / HTTP/1.1" 200 8026 "-" "Mozilla/5.0 (compatible; AhrefsBot/7.0; +http://ahrefs.com/robot/)"
51.222.253.13 - - [15/Mar/2023:11:44:04 +0000] "GET /assets/img/team/team-3.jpg HTTP/1.1" 200 36913 "-" "Mozilla/5.0 (compatible; AhrefsBot/7.0; +http://ahrefs.com/robot/)"
51.222.253.3 - - [15/Mar/2023:11:44:05 +0000] "GET /assets/vendor/boxicons/css/boxicons.min.css HTTP/1.1" 200 12717 "-" "Mozilla/5.0 (compatible; AhrefsBot/7.0; +http://ahrefs.com/robot/)"
51.222.253.4 - - [15/Mar/2023:11:44:10 +0000] "GET /assets/img/team/team-2.jpg HTTP/1.1" 200 49292 "-" "Mozilla/5.0 (compatible; AhrefsBot/7.0; +http://ahrefs.com/robot/)"
51.222.253.1 - - [15/Mar/2023:11:44:10 +0000] "GET /assets/img/clients/client-5.png HTTP/1.1" 200 5354 "-" "Mozilla/5.0 (compatible; AhrefsBot/7.0; +http://ahrefs.com/robot/)"
51.222.253.20 - - [15/Mar/2023:11:44:11 +0000] "GET /assets/vendor/glightbox/css/glightbox.min.css HTTP/1.1" 200 2850 "-" "Mozilla/5.0 (compatible; AhrefsBot/7.0; +http://ahrefs.com/robot/)"
51.222.253.1 - - [15/Mar/2023:11:44:11 +0000] "GET /assets/img/skills.png HTTP/1.1" 200 41972 "-" "Mozilla/5.0 (compatible; AhrefsBot/7.0; +http://ahrefs.com/robot/)"
51.222.253.12 - - [15/Mar/2023:11:44:12 +0000] "GET /assets/img/clients/client-3.png HTTP/1.1" 200 4938 "-" "Mozilla/5.0 (compatible; AhrefsBot/7.0; +http://ahrefs.com/robot/)"
51.222.253.3 - - [15/Mar/2023:11:44:12 +0000] "GET /assets/img/clients/client-4.png HTTP/1.1" 200 9241 "-" "Mozilla/5.0 (compatible; AhrefsBot/7.0; +http://ahrefs.com/robot/)"
51.222.253.13 - - [15/Mar/2023:11:44:13 +0000] "GET /assets/vendor/bootstrap/css/bootstrap.min.css HTTP/1.1" 200 27802 "-" "Mozilla/5.0 (compatible; AhrefsBot/7.0; +http://ahrefs.com/robot/)"
51.222.253.6 - - [15/Mar/2023:11:44:13 +0000] "GET /assets/img/clients/os4ed.png HTTP/1.1" 200 3001 "-" "Mozilla/5.0 (compatible; AhrefsBot/7.0; +http://ahrefs.com/robot/)"
51.222.253.11 - - [15/Mar/2023:11:44:14 +0000] "GET /assets/img/team/paul_nig.png HTTP/1.1" 200 30294 "-" "Mozilla/5.0 (compatible; AhrefsBot/7.0; +http://ahrefs.com/robot/)"
51.222.253.20 - - [15/Mar/2023:11:44:14 +0000] "GET /assets/vendor/aos/aos.css HTTP/1.1" 200 2518 "-" "Mozilla/5.0 (compatible; AhrefsBot/7.0; +http://ahrefs.com/robot/)"
51.222.253.12 - - [15/Mar/2023:11:44:14 +0000] "GET /assets/vendor/aos/aos.js HTTP/1.1" 200 4995 "-" "Mozilla/5.0 (compatible; AhrefsBot/7.0; +http://ahrefs.com/robot/)"
51.222.253.7 - - [15/Mar/2023:11:44:15 +0000] "GET /assets/vendor/php-email-form/validate.js HTTP/1.1" 200 1165 "-" "Mozilla/5.0 (compatible; AhrefsBot/7.0; +http://ahrefs.com/robot/)"
51.222.253.13 - - [15/Mar/2023:11:44:15 +0000] "GET /assets/css/style.css HTTP/1.1" 200 5755 "-" "Mozilla/5.0 (compatible; AhrefsBot/7.0; +http://ahrefs.com/robot/)"
51.222.253.8 - - [15/Mar/2023:11:44:16 +0000] "GET /assets/vendor/waypoints/noframework.waypoints.js HTTP/1.1" 200 4580 "-" "Mozilla/5.0 (compatible; AhrefsBot/7.0; +http://ahrefs.com/robot/)"
51.222.253.15 - - [15/Mar/2023:11:44:16 +0000] "GET /assets/vendor/isotope-layout/isotope.pkgd.min.js HTTP/1.1" 200 10143 "-" "Mozilla/5.0 (compatible; AhrefsBot/7.0; +http://ahrefs.com/robot/)"
51.222.253.7 - - [15/Mar/2023:11:44:17 +0000] "GET /assets/vendor/bootstrap-icons/bootstrap-icons.css HTTP/1.1" 200 13744 "-" "Mozilla/5.0 (compatible; AhrefsBot/7.0; +http://ahrefs.com/robot/)"
51.222.253.10 - - [15/Mar/2023:11:44:17 +0000] "GET /assets/img/team/team-4.jpg HTTP/1.1" 200 27656 "-" "Mozilla/5.0 (compatible; AhrefsBot/7.0; +http://ahrefs.com/robot/)"
51.222.253.3 - - [15/Mar/2023:11:44:18 +0000] "GET /assets/vendor/swiper/swiper-bundle.min.css HTTP/1.1" 200 4864 "-" "Mozilla/5.0 (compatible; AhrefsBot/7.0; +http://ahrefs.com/robot/)"
51.222.253.16 - - [15/Mar/2023:11:44:18 +0000] "GET /assets/img/hero-img.png HTTP/1.1" 200 68478 "-" "Mozilla/5.0 (compatible; AhrefsBot/7.0; +http://ahrefs.com/robot/)"
51.222.253.8 - - [15/Mar/2023:11:44:19 +0000] "GET /assets/vendor/bootstrap/js/bootstrap.bundle.min.js HTTP/1.1" 200 23608 "-" "Mozilla/5.0 (compatible; AhrefsBot/7.0; +http://ahrefs.com/robot/)"
51.222.253.6 - - [15/Mar/2023:11:44:19 +0000] "GET /assets/vendor/remixicon/remixicon.css HTTP/1.1" 200 14893 "-" "Mozilla/5.0 (compatible; AhrefsBot/7.0; +http://ahrefs.com/robot/)"
51.222.253.12 - - [15/Mar/2023:11:44:20 +0000] "GET /assets/vendor/glightbox/js/glightbox.min.js HTTP/1.1" 200 15399 "-" "Mozilla/5.0 (compatible; AhrefsBot/7.0; +http://ahrefs.com/robot/)"
51.222.253.11 - - [15/Mar/2023:11:44:20 +0000] "GET /assets/js/main.js HTTP/1.1" 200 2100 "-" "Mozilla/5.0 (compatible; AhrefsBot/7.0; +http://ahrefs.com/robot/)"
51.222.253.17 - - [15/Mar/2023:11:44:20 +0000] "GET /assets/img/clients/client-2.png HTTP/1.1" 200 4813 "-" "Mozilla/5.0 (compatible; AhrefsBot/7.0; +http://ahrefs.com/robot/)"
51.222.253.15 - - [15/Mar/2023:11:44:21 +0000] "GET /assets/vendor/swiper/swiper-bundle.min.js HTTP/1.1" 200 39991 "-" "Mozilla/5.0 (compatible; AhrefsBot/7.0; +http://ahrefs.com/robot/)"
51.79.29.48 - - [15/Mar/2023:11:58:02 +0000] "POST / HTTP/1.1" 405 567988 "-" "Mozilla/5.0 (X11; Linux x86_64) AppleWebKit/537.36 (KHTML, like Gecko) Chrome/81.0.4044.129 Safari/537.36"
51.79.29.48 - - [15/Mar/2023:11:58:02 +0000] "GET /.env HTTP/1.1" 200 2069 "-" "Mozilla/5.0 (X11; Linux x86_64) AppleWebKit/537.36 (KHTML, like Gecko) Chrome/81.0.4044.129 Safari/537.36"
152.89.196.54 - - [15/Mar/2023:11:58:25 +0000] "GET /?XDEBUG_SESSION_START=phpstorm HTTP/1.1" 200 3474 "-" "Mozilla/5.0 (Windows NT 10.0; Win64; x64) AppleWebKit/537.36 (KHTML, like Gecko) Chrome/78.0.3904.108 Safari/537.36"
143.110.222.166 - - [15/Mar/2023:11:58:34 +0000] "GET / HTTP/1.1" 200 3455 "-" "Mozilla/5.0 (iPhone; CPU iPhone OS 16_1 like Mac OS X) AppleWebKit/605.1.15 (KHTML, like Gecko) Version/16.1 Mobile/15E148 Safari/604.1"
51.79.29.48 - - [15/Mar/2023:12:32:57 +0000] "POST / HTTP/1.1" 405 567988 "-" "Mozilla/5.0 (X11; Linux x86_64) AppleWebKit/537.36 (KHTML, like Gecko) Chrome/81.0.4044.129 Safari/537.36"
51.79.29.48 - - [15/Mar/2023:12:32:58 +0000] "GET /.env HTTP/1.1" 200 2069 "-" "Mozilla/5.0 (X11; Linux x86_64) AppleWebKit/537.36 (KHTML, like Gecko) Chrome/81.0.4044.129 Safari/537.36"
109.237.96.124 - - [15/Mar/2023:12:41:02 +0000] "POST /_ignition/execute-solution HTTP/1.1" 403 1901 "-" "Mozilla/5.0 (Windows NT 10.0; Win64; x64) AppleWebKit/537.36 (KHTML, like Gecko) Chrome/78.0.3904.108 Safari/537.36"
109.237.96.124 - - [15/Mar/2023:12:41:03 +0000] "POST /_ignition/execute-solution HTTP/1.1" 403 1901 "-" "Mozilla/5.0 (Windows NT 10.0; Win64; x64) AppleWebKit/537.36 (KHTML, like Gecko) Chrome/78.0.3904.108 Safari/537.36"
109.237.96.124 - - [15/Mar/2023:12:41:03 +0000] "POST /_ignition/execute-solution HTTP/1.1" 403 1901 "-" "Mozilla/5.0 (Windows NT 10.0; Win64; x64) AppleWebKit/537.36 (KHTML, like Gecko) Chrome/78.0.3904.108 Safari/537.36"
109.237.96.124 - - [15/Mar/2023:12:41:04 +0000] "POST /_ignition/execute-solution HTTP/1.1" 403 1901 "-" "Mozilla/5.0 (Windows NT 10.0; Win64; x64) AppleWebKit/537.36 (KHTML, like Gecko) Chrome/78.0.3904.108 Safari/537.36"
109.237.96.124 - - [15/Mar/2023:12:41:04 +0000] "POST /_ignition/execute-solution HTTP/1.1" 403 1901 "-" "Mozilla/5.0 (Windows NT 10.0; Win64; x64) AppleWebKit/537.36 (KHTML, like Gecko) Chrome/78.0.3904.108 Safari/537.36"
109.237.96.124 - - [15/Mar/2023:12:41:05 +0000] "POST /_ignition/execute-solution HTTP/1.1" 403 1901 "-" "Mozilla/5.0 (Windows NT 10.0; Win64; x64) AppleWebKit/537.36 (KHTML, like Gecko) Chrome/78.0.3904.108 Safari/537.36"
109.237.96.124 - - [15/Mar/2023:12:41:06 +0000] "POST /_ignition/execute-solution HTTP/1.1" 403 1901 "-" "Mozilla/5.0 (Windows NT 10.0; Win64; x64) AppleWebKit/537.36 (KHTML, like Gecko) Chrome/78.0.3904.108 Safari/537.36"
109.237.96.124 - - [15/Mar/2023:12:41:06 +0000] "POST /_ignition/execute-solution HTTP/1.1" 403 1901 "-" "Mozilla/5.0 (Windows NT 10.0; Win64; x64) AppleWebKit/537.36 (KHTML, like Gecko) Chrome/78.0.3904.108 Safari/537.36"
109.237.96.124 - - [15/Mar/2023:12:41:07 +0000] "POST /_ignition/execute-solution HTTP/1.1" 403 1901 "-" "Mozilla/5.0 (Windows NT 10.0; Win64; x64) AppleWebKit/537.36 (KHTML, like Gecko) Chrome/78.0.3904.108 Safari/537.36"
109.237.96.124 - - [15/Mar/2023:12:41:08 +0000] "POST /_ignition/execute-solution HTTP/1.1" 403 1901 "-" "Mozilla/5.0 (Windows NT 10.0; Win64; x64) AppleWebKit/537.36 (KHTML, like Gecko) Chrome/78.0.3904.108 Safari/537.36"
109.237.96.124 - - [15/Mar/2023:12:41:08 +0000] "POST /_ignition/execute-solution HTTP/1.1" 403 1901 "-" "Mozilla/5.0 (Windows NT 10.0; Win64; x64) AppleWebKit/537.36 (KHTML, like Gecko) Chrome/78.0.3904.108 Safari/537.36"
109.237.96.124 - - [15/Mar/2023:12:41:09 +0000] "POST /_ignition/execute-solution HTTP/1.1" 403 1901 "-" "Mozilla/5.0 (Windows NT 10.0; Win64; x64) AppleWebKit/537.36 (KHTML, like Gecko) Chrome/78.0.3904.108 Safari/537.36"
109.237.96.124 - - [15/Mar/2023:12:41:10 +0000] "POST /_ignition/execute-solution HTTP/1.1" 403 1901 "-" "Mozilla/5.0 (Windows NT 10.0; Win64; x64) AppleWebKit/537.36 (KHTML, like Gecko) Chrome/78.0.3904.108 Safari/537.36"
109.237.96.124 - - [15/Mar/2023:12:41:10 +0000] "POST /_ignition/execute-solution HTTP/1.1" 403 1901 "-" "Mozilla/5.0 (Windows NT 10.0; Win64; x64) AppleWebKit/537.36 (KHTML, like Gecko) Chrome/78.0.3904.108 Safari/537.36"
109.237.96.124 - - [15/Mar/2023:12:41:11 +0000] "POST /_ignition/execute-solution HTTP/1.1" 403 1901 "-" "Mozilla/5.0 (Windows NT 10.0; Win64; x64) AppleWebKit/537.36 (KHTML, like Gecko) Chrome/78.0.3904.108 Safari/537.36"
109.237.96.124 - - [15/Mar/2023:12:41:12 +0000] "POST /_ignition/execute-solution HTTP/1.1" 403 1901 "-" "Mozilla/5.0 (Windows NT 10.0; Win64; x64) AppleWebKit/537.36 (KHTML, like Gecko) Chrome/78.0.3904.108 Safari/537.36"
109.237.96.124 - - [15/Mar/2023:12:41:12 +0000] "POST /_ignition/execute-solution HTTP/1.1" 403 1901 "-" "Mozilla/5.0 (Windows NT 10.0; Win64; x64) AppleWebKit/537.36 (KHTML, like Gecko) Chrome/78.0.3904.108 Safari/537.36"
109.237.96.124 - - [15/Mar/2023:12:41:13 +0000] "POST /_ignition/execute-solution HTTP/1.1" 403 1901 "-" "Mozilla/5.0 (Windows NT 10.0; Win64; x64) AppleWebKit/537.36 (KHTML, like Gecko) Chrome/78.0.3904.108 Safari/537.36"
52.242.26.107 - - [15/Mar/2023:12:42:40 +0000] "GET /wp-login.php HTTP/1.1" 404 461 "-" "Mozilla/5.0 (X11; Ubuntu; Linux x86_64; rv:62.0) Gecko/20100101 Firefox/62.0"
179.43.177.242 - - [15/Mar/2023:12:43:13 +0000] "GET / HTTP/1.1" 200 8452 "-" "Hello World"
45.79.128.205 - - [15/Mar/2023:12:54:50 +0000] "\x16\x03\x01" 400 500 "-" "-"
143.110.222.166 - - [15/Mar/2023:12:56:30 +0000] "GET / HTTP/1.1" 200 3455 "-" "Mozilla/5.0 (iPhone; CPU iPhone OS 16_1 like Mac OS X) AppleWebKit/605.1.15 (KHTML, like Gecko) Version/16.1 Mobile/15E148 Safari/604.1"
139.162.204.149 - - [15/Mar/2023:12:57:15 +0000] "GET / HTTP/1.1" 200 3455 "-" "Mozilla/5.0"
109.237.96.124 - - [15/Mar/2023:13:04:35 +0000] "POST /_ignition/execute-solution HTTP/1.1" 403 1901 "-" "Mozilla/5.0 (Windows NT 10.0; Win64; x64) AppleWebKit/537.36 (KHTML, like Gecko) Chrome/78.0.3904.108 Safari/537.36"
109.237.96.124 - - [15/Mar/2023:13:04:36 +0000] "POST /_ignition/execute-solution HTTP/1.1" 403 1901 "-" "Mozilla/5.0 (Windows NT 10.0; Win64; x64) AppleWebKit/537.36 (KHTML, like Gecko) Chrome/78.0.3904.108 Safari/537.36"
109.237.96.124 - - [15/Mar/2023:13:04:36 +0000] "POST /_ignition/execute-solution HTTP/1.1" 403 1901 "-" "Mozilla/5.0 (Windows NT 10.0; Win64; x64) AppleWebKit/537.36 (KHTML, like Gecko) Chrome/78.0.3904.108 Safari/537.36"
109.237.96.124 - - [15/Mar/2023:13:04:37 +0000] "POST /_ignition/execute-solution HTTP/1.1" 403 1901 "-" "Mozilla/5.0 (Windows NT 10.0; Win64; x64) AppleWebKit/537.36 (KHTML, like Gecko) Chrome/78.0.3904.108 Safari/537.36"
109.237.96.124 - - [15/Mar/2023:13:04:39 +0000] "POST /_ignition/execute-solution HTTP/1.1" 403 1901 "-" "Mozilla/5.0 (Windows NT 10.0; Win64; x64) AppleWebKit/537.36 (KHTML, like Gecko) Chrome/78.0.3904.108 Safari/537.36"
109.237.96.124 - - [15/Mar/2023:13:04:39 +0000] "POST /_ignition/execute-solution HTTP/1.1" 403 1901 "-" "Mozilla/5.0 (Windows NT 10.0; Win64; x64) AppleWebKit/537.36 (KHTML, like Gecko) Chrome/78.0.3904.108 Safari/537.36"
109.237.96.124 - - [15/Mar/2023:13:04:42 +0000] "POST /_ignition/execute-solution HTTP/1.1" 403 1901 "-" "Mozilla/5.0 (Windows NT 10.0; Win64; x64) AppleWebKit/537.36 (KHTML, like Gecko) Chrome/78.0.3904.108 Safari/537.36"
109.237.96.124 - - [15/Mar/2023:13:04:43 +0000] "POST /_ignition/execute-solution HTTP/1.1" 403 1901 "-" "Mozilla/5.0 (Windows NT 10.0; Win64; x64) AppleWebKit/537.36 (KHTML, like Gecko) Chrome/78.0.3904.108 Safari/537.36"
109.237.96.124 - - [15/Mar/2023:13:04:43 +0000] "POST /_ignition/execute-solution HTTP/1.1" 403 1901 "-" "Mozilla/5.0 (Windows NT 10.0; Win64; x64) AppleWebKit/537.36 (KHTML, like Gecko) Chrome/78.0.3904.108 Safari/537.36"
109.237.96.124 - - [15/Mar/2023:13:04:46 +0000] "POST /_ignition/execute-solution HTTP/1.1" 403 1901 "-" "Mozilla/5.0 (Windows NT 10.0; Win64; x64) AppleWebKit/537.36 (KHTML, like Gecko) Chrome/78.0.3904.108 Safari/537.36"
109.237.96.124 - - [15/Mar/2023:13:04:46 +0000] "POST /_ignition/execute-solution HTTP/1.1" 403 1901 "-" "Mozilla/5.0 (Windows NT 10.0; Win64; x64) AppleWebKit/537.36 (KHTML, like Gecko) Chrome/78.0.3904.108 Safari/537.36"
109.237.96.124 - - [15/Mar/2023:13:04:47 +0000] "POST /_ignition/execute-solution HTTP/1.1" 403 1901 "-" "Mozilla/5.0 (Windows NT 10.0; Win64; x64) AppleWebKit/537.36 (KHTML, like Gecko) Chrome/78.0.3904.108 Safari/537.36"
109.237.96.124 - - [15/Mar/2023:13:04:48 +0000] "POST /_ignition/execute-solution HTTP/1.1" 403 1901 "-" "Mozilla/5.0 (Windows NT 10.0; Win64; x64) AppleWebKit/537.36 (KHTML, like Gecko) Chrome/78.0.3904.108 Safari/537.36"
109.237.96.124 - - [15/Mar/2023:13:04:48 +0000] "POST /_ignition/execute-solution HTTP/1.1" 403 1901 "-" "Mozilla/5.0 (Windows NT 10.0; Win64; x64) AppleWebKit/537.36 (KHTML, like Gecko) Chrome/78.0.3904.108 Safari/537.36"
109.237.96.124 - - [15/Mar/2023:13:04:49 +0000] "POST /_ignition/execute-solution HTTP/1.1" 403 1901 "-" "Mozilla/5.0 (Windows NT 10.0; Win64; x64) AppleWebKit/537.36 (KHTML, like Gecko) Chrome/78.0.3904.108 Safari/537.36"
109.237.96.124 - - [15/Mar/2023:13:04:50 +0000] "POST /_ignition/execute-solution HTTP/1.1" 403 1901 "-" "Mozilla/5.0 (Windows NT 10.0; Win64; x64) AppleWebKit/537.36 (KHTML, like Gecko) Chrome/78.0.3904.108 Safari/537.36"
109.237.96.124 - - [15/Mar/2023:13:04:51 +0000] "POST /_ignition/execute-solution HTTP/1.1" 403 1901 "-" "Mozilla/5.0 (Windows NT 10.0; Win64; x64) AppleWebKit/537.36 (KHTML, like Gecko) Chrome/78.0.3904.108 Safari/537.36"
109.237.96.124 - - [15/Mar/2023:13:04:51 +0000] "POST /_ignition/execute-solution HTTP/1.1" 403 1901 "-" "Mozilla/5.0 (Windows NT 10.0; Win64; x64) AppleWebKit/537.36 (KHTML, like Gecko) Chrome/78.0.3904.108 Safari/537.36"
193.32.162.159 - - [15/Mar/2023:13:08:15 +0000] "GET / HTTP/1.1" 200 3511 "-" "Mozilla/5.0 (Windows NT 10.0; Win64; x64) AppleWebKit/537.36 (KHTML, like Gecko) Chrome/90.0.4430.85 Safari/537.36 Edg/90.0.818.46"
176.9.151.21 - - [15/Mar/2023:13:14:58 +0000] "GET /.well-known/acme-challenge/KO42W_4SR0DMR4IR6AD3COB568VTT1Z- HTTP/1.1" 404 437 "-" "Cpanel-HTTP-Client/1.0"
176.9.151.21 - - [15/Mar/2023:13:15:13 +0000] "GET /.well-known/acme-challenge/QODEF5JHHHCNJFS7AK2RQ4HT43UG6J50 HTTP/1.1" 404 1762 "-" "Cpanel-HTTP-Client/1.0"
152.89.196.54 - - [15/Mar/2023:13:20:25 +0000] "GET /actuator/gateway/routes HTTP/1.1" 404 1762 "-" "Mozilla/5.0 (Windows NT 10.0; Win64; x64) AppleWebKit/537.36 (KHTML, like Gecko) Chrome/78.0.3904.108 Safari/537.36"
198.8.92.73 - - [15/Mar/2023:13:21:07 +0000] "GET /aaa9 HTTP/1.1" 404 1762 "-" "Mozilla/5.0 (Windows NT 10.0; Win64; x64) AppleWebKit/537.36 (KHTML, like Gecko) Chrome/70.0.3538.77 Safari/537.36"
94.102.61.10 - - [15/Mar/2023:13:34:08 +0000] "GET / HTTP/1.1" 200 3455 "-" "Mozilla/5.0 (Windows NT 10.0; Win64; x64) AppleWebKit/537.36 (KHTML, like Gecko) Chrome/88.0.4324.190 Safari/537.36"
51.79.29.48 - - [15/Mar/2023:14:07:14 +0000] "POST / HTTP/1.1" 405 567988 "-" "Mozilla/5.0 (X11; Linux x86_64) AppleWebKit/537.36 (KHTML, like Gecko) Chrome/81.0.4044.129 Safari/537.36"
51.79.29.48 - - [15/Mar/2023:14:07:14 +0000] "GET /.env HTTP/1.1" 200 2069 "-" "Mozilla/5.0 (X11; Linux x86_64) AppleWebKit/537.36 (KHTML, like Gecko) Chrome/81.0.4044.129 Safari/537.36"
20.203.221.49 - - [15/Mar/2023:14:07:33 +0000] "GET /.env HTTP/1.1" 404 498 "-" "Mozilla/5.0 (Macintosh; Intel Mac OS X 10.15; rv:77.0) Gecko/20100101 Firefox/77.0"
143.110.222.166 - - [15/Mar/2023:14:11:48 +0000] "GET / HTTP/1.1" 200 3455 "-" "Mozilla/5.0 (iPhone; CPU iPhone OS 16_1 like Mac OS X) AppleWebKit/605.1.15 (KHTML, like Gecko) Version/16.1 Mobile/15E148 Safari/604.1"
193.32.162.159 - - [15/Mar/2023:14:15:50 +0000] "GET / HTTP/1.1" 200 3511 "-" "Mozilla/5.0 (Windows NT 10.0; Win64; x64) AppleWebKit/537.36 (KHTML, like Gecko) Chrome/90.0.4430.85 Safari/537.36 Edg/90.0.818.46"
185.254.196.223 - - [15/Mar/2023:14:32:42 +0000] "GET /.env HTTP/1.1" 200 2069 "-" "Mozilla/5.0 (X11; Linux x86_64) AppleWebKit/537.36 (KHTML, like Gecko) Chrome/81.0.4044.129 Safari/537.36"
174.138.61.44 - - [15/Mar/2023:14:47:31 +0000] "GET / HTTP/1.1" 200 3455 "-" "Mozilla/5.0 (Windows NT 10.0; Win64; x64) AppleWebKit/537.36 (KHTML, like Gecko) Chrome/102.0.5005.63 Safari/537.36"
51.79.29.48 - - [15/Mar/2023:14:52:59 +0000] "POST / HTTP/1.1" 405 567988 "-" "Mozilla/5.0 (X11; Linux x86_64) AppleWebKit/537.36 (KHTML, like Gecko) Chrome/81.0.4044.129 Safari/537.36"
51.79.29.48 - - [15/Mar/2023:14:52:59 +0000] "GET /.env HTTP/1.1" 200 2069 "-" "Mozilla/5.0 (X11; Linux x86_64) AppleWebKit/537.36 (KHTML, like Gecko) Chrome/81.0.4044.129 Safari/537.36"
45.79.172.21 - - [15/Mar/2023:15:00:01 +0000] "\x16\x03\x01" 400 500 "-" "-"
35.176.176.10 - - [15/Mar/2023:15:05:54 +0000] "GET /.git/config HTTP/1.1" 404 498 "-" "python-requests/2.28.0"
35.176.176.10 - - [15/Mar/2023:15:05:54 +0000] "GET /live_env HTTP/1.1" 404 498 "-" "Mozilla/5.0 (Macintosh; Intel Mac OS X 10.15; rv:77.0) Gecko/20100101 Firefox/77.0"
35.176.176.10 - - [15/Mar/2023:15:05:54 +0000] "POST /live_env HTTP/1.1" 404 498 "-" "Mozilla/5.0 (Macintosh; Intel Mac OS X 10.15; rv:77.0) Gecko/20100101 Firefox/77.0"
35.176.176.10 - - [15/Mar/2023:15:05:55 +0000] "GET /.env.old HTTP/1.1" 404 498 "-" "Mozilla/5.0 (Macintosh; Intel Mac OS X 10.15; rv:77.0) Gecko/20100101 Firefox/77.0"
35.176.176.10 - - [15/Mar/2023:15:05:56 +0000] "POST /.env.old HTTP/1.1" 404 498 "-" "Mozilla/5.0 (Macintosh; Intel Mac OS X 10.15; rv:77.0) Gecko/20100101 Firefox/77.0"
35.176.176.10 - - [15/Mar/2023:15:05:56 +0000] "GET /.env HTTP/1.1" 404 498 "-" "Mozilla/5.0 (Macintosh; Intel Mac OS X 10.15; rv:77.0) Gecko/20100101 Firefox/77.0"
35.176.176.10 - - [15/Mar/2023:15:05:57 +0000] "POST /.env HTTP/1.1" 404 498 "-" "Mozilla/5.0 (Macintosh; Intel Mac OS X 10.15; rv:77.0) Gecko/20100101 Firefox/77.0"
35.176.176.10 - - [15/Mar/2023:15:05:57 +0000] "GET /.env.prod HTTP/1.1" 404 498 "-" "Mozilla/5.0 (Macintosh; Intel Mac OS X 10.15; rv:77.0) Gecko/20100101 Firefox/77.0"
35.176.176.10 - - [15/Mar/2023:15:05:57 +0000] "POST /.env.prod HTTP/1.1" 404 498 "-" "Mozilla/5.0 (Macintosh; Intel Mac OS X 10.15; rv:77.0) Gecko/20100101 Firefox/77.0"
35.176.176.10 - - [15/Mar/2023:15:05:58 +0000] "GET /laravel/.env HTTP/1.1" 404 498 "-" "Mozilla/5.0 (Macintosh; Intel Mac OS X 10.15; rv:77.0) Gecko/20100101 Firefox/77.0"
35.176.176.10 - - [15/Mar/2023:15:05:59 +0000] "POST /laravel/.env HTTP/1.1" 404 498 "-" "Mozilla/5.0 (Macintosh; Intel Mac OS X 10.15; rv:77.0) Gecko/20100101 Firefox/77.0"
35.176.176.10 - - [15/Mar/2023:15:05:59 +0000] "GET /.env.dist HTTP/1.1" 404 498 "-" "Mozilla/5.0 (Macintosh; Intel Mac OS X 10.15; rv:77.0) Gecko/20100101 Firefox/77.0"
35.176.176.10 - - [15/Mar/2023:15:05:59 +0000] "POST /.env.dist HTTP/1.1" 404 498 "-" "Mozilla/5.0 (Macintosh; Intel Mac OS X 10.15; rv:77.0) Gecko/20100101 Firefox/77.0"
35.176.176.10 - - [15/Mar/2023:15:06:00 +0000] "GET /.env.development.local HTTP/1.1" 404 498 "-" "Mozilla/5.0 (Macintosh; Intel Mac OS X 10.15; rv:77.0) Gecko/20100101 Firefox/77.0"
35.176.176.10 - - [15/Mar/2023:15:06:00 +0000] "POST /.env.development.local HTTP/1.1" 404 498 "-" "Mozilla/5.0 (Macintosh; Intel Mac OS X 10.15; rv:77.0) Gecko/20100101 Firefox/77.0"
35.176.176.10 - - [15/Mar/2023:15:06:01 +0000] "GET /apps/.env HTTP/1.1" 404 498 "-" "Mozilla/5.0 (Macintosh; Intel Mac OS X 10.15; rv:77.0) Gecko/20100101 Firefox/77.0"
35.176.176.10 - - [15/Mar/2023:15:06:01 +0000] "POST /apps/.env HTTP/1.1" 404 498 "-" "Mozilla/5.0 (Macintosh; Intel Mac OS X 10.15; rv:77.0) Gecko/20100101 Firefox/77.0"
35.176.176.10 - - [15/Mar/2023:15:06:01 +0000] "GET /api/.env HTTP/1.1" 404 498 "-" "Mozilla/5.0 (Macintosh; Intel Mac OS X 10.15; rv:77.0) Gecko/20100101 Firefox/77.0"
35.176.176.10 - - [15/Mar/2023:15:06:02 +0000] "POST /api/.env HTTP/1.1" 404 498 "-" "Mozilla/5.0 (Macintosh; Intel Mac OS X 10.15; rv:77.0) Gecko/20100101 Firefox/77.0"
35.176.176.10 - - [15/Mar/2023:15:06:02 +0000] "GET /.env.production HTTP/1.1" 404 498 "-" "Mozilla/5.0 (Macintosh; Intel Mac OS X 10.15; rv:77.0) Gecko/20100101 Firefox/77.0"
35.176.176.10 - - [15/Mar/2023:15:06:02 +0000] "POST /.env.production HTTP/1.1" 404 498 "-" "Mozilla/5.0 (Macintosh; Intel Mac OS X 10.15; rv:77.0) Gecko/20100101 Firefox/77.0"
35.176.176.10 - - [15/Mar/2023:15:06:03 +0000] "GET /.env.project HTTP/1.1" 404 498 "-" "Mozilla/5.0 (Macintosh; Intel Mac OS X 10.15; rv:77.0) Gecko/20100101 Firefox/77.0"
35.176.176.10 - - [15/Mar/2023:15:06:03 +0000] "POST /.env.project HTTP/1.1" 404 498 "-" "Mozilla/5.0 (Macintosh; Intel Mac OS X 10.15; rv:77.0) Gecko/20100101 Firefox/77.0"
35.176.176.10 - - [15/Mar/2023:15:06:04 +0000] "GET /system/.env HTTP/1.1" 404 498 "-" "Mozilla/5.0 (Macintosh; Intel Mac OS X 10.15; rv:77.0) Gecko/20100101 Firefox/77.0"
35.176.176.10 - - [15/Mar/2023:15:06:04 +0000] "POST /system/.env HTTP/1.1" 404 498 "-" "Mozilla/5.0 (Macintosh; Intel Mac OS X 10.15; rv:77.0) Gecko/20100101 Firefox/77.0"
35.176.176.10 - - [15/Mar/2023:15:06:05 +0000] "GET /development/.env HTTP/1.1" 404 498 "-" "Mozilla/5.0 (Macintosh; Intel Mac OS X 10.15; rv:77.0) Gecko/20100101 Firefox/77.0"
35.176.176.10 - - [15/Mar/2023:15:06:05 +0000] "POST /development/.env HTTP/1.1" 404 498 "-" "Mozilla/5.0 (Macintosh; Intel Mac OS X 10.15; rv:77.0) Gecko/20100101 Firefox/77.0"
35.176.176.10 - - [15/Mar/2023:15:06:06 +0000] "GET /cms/.env HTTP/1.1" 404 498 "-" "Mozilla/5.0 (Macintosh; Intel Mac OS X 10.15; rv:77.0) Gecko/20100101 Firefox/77.0"
35.176.176.10 - - [15/Mar/2023:15:06:06 +0000] "POST /cms/.env HTTP/1.1" 404 498 "-" "Mozilla/5.0 (Macintosh; Intel Mac OS X 10.15; rv:77.0) Gecko/20100101 Firefox/77.0"
35.176.176.10 - - [15/Mar/2023:15:06:07 +0000] "GET /.env.save HTTP/1.1" 404 498 "-" "Mozilla/5.0 (Macintosh; Intel Mac OS X 10.15; rv:77.0) Gecko/20100101 Firefox/77.0"
35.176.176.10 - - [15/Mar/2023:15:06:07 +0000] "POST /.env.save HTTP/1.1" 404 498 "-" "Mozilla/5.0 (Macintosh; Intel Mac OS X 10.15; rv:77.0) Gecko/20100101 Firefox/77.0"
35.176.176.10 - - [15/Mar/2023:15:06:08 +0000] "GET /.env.production.local HTTP/1.1" 404 498 "-" "Mozilla/5.0 (Macintosh; Intel Mac OS X 10.15; rv:77.0) Gecko/20100101 Firefox/77.0"
35.176.176.10 - - [15/Mar/2023:15:06:08 +0000] "POST /.env.production.local HTTP/1.1" 404 498 "-" "Mozilla/5.0 (Macintosh; Intel Mac OS X 10.15; rv:77.0) Gecko/20100101 Firefox/77.0"
35.176.176.10 - - [15/Mar/2023:15:06:09 +0000] "GET /admin-app/.env HTTP/1.1" 404 498 "-" "Mozilla/5.0 (Macintosh; Intel Mac OS X 10.15; rv:77.0) Gecko/20100101 Firefox/77.0"
35.176.176.10 - - [15/Mar/2023:15:06:09 +0000] "POST /admin-app/.env HTTP/1.1" 404 498 "-" "Mozilla/5.0 (Macintosh; Intel Mac OS X 10.15; rv:77.0) Gecko/20100101 Firefox/77.0"
35.176.176.10 - - [15/Mar/2023:15:06:09 +0000] "GET /docker/.env HTTP/1.1" 404 498 "-" "Mozilla/5.0 (Macintosh; Intel Mac OS X 10.15; rv:77.0) Gecko/20100101 Firefox/77.0"
35.176.176.10 - - [15/Mar/2023:15:06:10 +0000] "POST /docker/.env HTTP/1.1" 404 498 "-" "Mozilla/5.0 (Macintosh; Intel Mac OS X 10.15; rv:77.0) Gecko/20100101 Firefox/77.0"
35.176.176.10 - - [15/Mar/2023:15:06:10 +0000] "GET /app/.env HTTP/1.1" 404 498 "-" "Mozilla/5.0 (Macintosh; Intel Mac OS X 10.15; rv:77.0) Gecko/20100101 Firefox/77.0"
35.176.176.10 - - [15/Mar/2023:15:06:11 +0000] "POST /app/.env HTTP/1.1" 404 498 "-" "Mozilla/5.0 (Macintosh; Intel Mac OS X 10.15; rv:77.0) Gecko/20100101 Firefox/77.0"
35.176.176.10 - - [15/Mar/2023:15:06:11 +0000] "GET /application/.env HTTP/1.1" 404 498 "-" "Mozilla/5.0 (Macintosh; Intel Mac OS X 10.15; rv:77.0) Gecko/20100101 Firefox/77.0"
35.176.176.10 - - [15/Mar/2023:15:06:12 +0000] "POST /application/.env HTTP/1.1" 404 498 "-" "Mozilla/5.0 (Macintosh; Intel Mac OS X 10.15; rv:77.0) Gecko/20100101 Firefox/77.0"
35.176.176.10 - - [15/Mar/2023:15:06:12 +0000] "GET /private/.env HTTP/1.1" 404 498 "-" "Mozilla/5.0 (Macintosh; Intel Mac OS X 10.15; rv:77.0) Gecko/20100101 Firefox/77.0"
35.176.176.10 - - [15/Mar/2023:15:06:13 +0000] "POST /private/.env HTTP/1.1" 404 498 "-" "Mozilla/5.0 (Macintosh; Intel Mac OS X 10.15; rv:77.0) Gecko/20100101 Firefox/77.0"
35.176.176.10 - - [15/Mar/2023:15:06:13 +0000] "GET /cp/.env HTTP/1.1" 404 498 "-" "Mozilla/5.0 (Macintosh; Intel Mac OS X 10.15; rv:77.0) Gecko/20100101 Firefox/77.0"
35.176.176.10 - - [15/Mar/2023:15:06:14 +0000] "POST /cp/.env HTTP/1.1" 404 498 "-" "Mozilla/5.0 (Macintosh; Intel Mac OS X 10.15; rv:77.0) Gecko/20100101 Firefox/77.0"
35.176.176.10 - - [15/Mar/2023:15:06:14 +0000] "GET /.env.development HTTP/1.1" 404 498 "-" "Mozilla/5.0 (Macintosh; Intel Mac OS X 10.15; rv:77.0) Gecko/20100101 Firefox/77.0"
35.176.176.10 - - [15/Mar/2023:15:06:14 +0000] "POST /.env.development HTTP/1.1" 404 498 "-" "Mozilla/5.0 (Macintosh; Intel Mac OS X 10.15; rv:77.0) Gecko/20100101 Firefox/77.0"
35.176.176.10 - - [15/Mar/2023:15:06:15 +0000] "GET /script/.env HTTP/1.1" 404 498 "-" "Mozilla/5.0 (Macintosh; Intel Mac OS X 10.15; rv:77.0) Gecko/20100101 Firefox/77.0"
35.176.176.10 - - [15/Mar/2023:15:06:15 +0000] "POST /script/.env HTTP/1.1" 404 498 "-" "Mozilla/5.0 (Macintosh; Intel Mac OS X 10.15; rv:77.0) Gecko/20100101 Firefox/77.0"
35.176.176.10 - - [15/Mar/2023:15:06:15 +0000] "GET /frontend_dev.php/$ HTTP/1.1" 404 498 "-" "Mozilla/5.0 (Macintosh; Intel Mac OS X 10.15; rv:77.0) Gecko/20100101 Firefox/77.0"
35.176.176.10 - - [15/Mar/2023:15:06:16 +0000] "GET /debug/default/view?panel=config HTTP/1.1" 404 498 "-" "Mozilla/5.0 (Macintosh; Intel Mac OS X 10.15; rv:77.0) Gecko/20100101 Firefox/77.0"
35.176.176.10 - - [15/Mar/2023:15:06:16 +0000] "GET /config.json HTTP/1.1" 404 498 "-" "Mozilla/5.0 (Macintosh; Intel Mac OS X 10.15; rv:77.0) Gecko/20100101 Firefox/77.0"
35.176.176.10 - - [15/Mar/2023:15:06:17 +0000] "GET /.json HTTP/1.1" 404 498 "-" "Mozilla/5.0 (Macintosh; Intel Mac OS X 10.15; rv:77.0) Gecko/20100101 Firefox/77.0"
35.176.176.10 - - [15/Mar/2023:15:06:17 +0000] "GET /info.php HTTP/1.1" 404 498 "-" "Mozilla/5.0 (Macintosh; Intel Mac OS X 10.15; rv:77.0) Gecko/20100101 Firefox/77.0"
35.176.176.10 - - [15/Mar/2023:15:06:18 +0000] "GET /_profiler/phpinfo HTTP/1.1" 404 498 "-" "Mozilla/5.0 (Macintosh; Intel Mac OS X 10.15; rv:77.0) Gecko/20100101 Firefox/77.0"
35.176.176.10 - - [15/Mar/2023:15:06:18 +0000] "GET /?phpinfo=1 HTTP/1.1" 200 8082 "-" "Mozilla/5.0 (Macintosh; Intel Mac OS X 10.15; rv:77.0) Gecko/20100101 Firefox/77.0"
35.176.176.10 - - [15/Mar/2023:15:06:19 +0000] "GET /phpinfo.php HTTP/1.1" 404 498 "-" "Mozilla/5.0 (Macintosh; Intel Mac OS X 10.15; rv:77.0) Gecko/20100101 Firefox/77.0"
143.110.222.166 - - [15/Mar/2023:15:06:51 +0000] "GET / HTTP/1.1" 200 3455 "-" "Mozilla/5.0 (iPhone; CPU iPhone OS 16_1 like Mac OS X) AppleWebKit/605.1.15 (KHTML, like Gecko) Version/16.1 Mobile/15E148 Safari/604.1"
163.123.142.171 - - [15/Mar/2023:15:19:08 +0000] "GET /.env HTTP/1.1" 200 2069 "-" "Mozilla/5.0 (X11; Linux x86_64) AppleWebKit/537.36 (KHTML, like Gecko) Chrome/81.0.4044.129 Safari/537.36"
109.237.97.180 - - [15/Mar/2023:15:24:23 +0000] "GET /.env HTTP/1.1" 200 2069 "-" "Mozilla/5.0 (X11; Linux x86_64) AppleWebKit/537.36 (KHTML, like Gecko) Chrome/81.0.4044.129 Safari/537.36"
109.237.97.180 - - [15/Mar/2023:15:24:23 +0000] "\x16\x03\x01\x01H\x01" 400 500 "-" "-"
109.237.97.180 - - [15/Mar/2023:15:24:23 +0000] "GET /.aws/credentials HTTP/1.1" 404 1762 "-" "Mozilla/5.0 (X11; Linux x86_64) AppleWebKit/537.36 (KHTML, like Gecko) Chrome/81.0.4044.129 Safari/537.36"
141.98.168.39 - - [15/Mar/2023:15:46:36 +0000] "GET /.env HTTP/1.1" 200 2069 "-" "Mozilla/5.0 (Windows NT 10.0; Win64; x64) AppleWebKit/537.36 (KHTML, like Gecko) Chrome/108.0.0.0 Safari/537.36"
192.241.152.137 - - [15/Mar/2023:15:51:40 +0000] "GET /systembc/password.php HTTP/1.1" 404 1762 "-" "Mozilla/5.0 (X11; Ubuntu; Linux x86_64) AppleWebKit/537.36 (KHTML, like Gecko) Chrome/55.0.2919.83 Safari/537.36"
192.241.152.137 - - [15/Mar/2023:15:51:40 +0000] "GET /www/systembc/password.php HTTP/1.1" 404 1762 "-" "Mozilla/5.0 (Windows NT 6.3; Win64; x64) AppleWebKit/537.36 (KHTML, like Gecko) Chrome/37.0.2049.0 Safari/537.36"
192.241.152.137 - - [15/Mar/2023:15:51:41 +0000] "GET /var/www/systembc/password.php HTTP/1.1" 404 1762 "-" "Mozilla/5.0 (Windows NT 6.1) AppleWebKit/537.36 (KHTML, like Gecko) Chrome/41.0.2228.0 Safari/537.36"
